/Users/hussamaldean/STM32CubeIDE/RTOS_Course/26_interacting_with_drivers_uart_rx_interrupt/Drivers/CMSIS/Include/core_cm4.h:1688:22:__NVIC_EnableIRQ	16	static
/Users/hussamaldean/STM32CubeIDE/RTOS_Course/26_interacting_with_drivers_uart_rx_interrupt/Drivers/CMSIS/Include/core_cm4.h:1816:22:__NVIC_SetPriority	16	static
../Core/Src/main.c:22:5:main	16	static
../Core/Src/main.c:45:6:UARTReceiver	24	static
../Core/Src/main.c:61:6:HandlerTask	16	static
../Core/Src/main.c:80:6:start_rx_interrupt	8	static
../Core/Src/main.c:92:6:USART2_IRQHandler	16	static,ignoring_inline_asm
../Core/Src/main.c:108:6:SystemClock_Config	88	static
../Core/Src/main.c:148:13:MX_GPIO_Init	16	static
../Core/Src/main.c:169:6:HAL_TIM_PeriodElapsedCallback	16	static
../Core/Src/main.c:186:6:Error_Handler	4	static,ignoring_inline_asm
