../Core/Src/main.c:12:5:uart2_write	16	static
../Core/Src/main.c:22:5:__io_putchar	16	static
../Core/Src/main.c:36:5:main	16	static
../Core/Src/main.c:65:6:SenderTask	32	static
../Core/Src/main.c:81:6:ReceiverTask	32	static
../Core/Src/main.c:102:6:SystemClock_Config	88	static
../Core/Src/main.c:142:13:MX_USART2_UART_Init	8	static
../Core/Src/main.c:175:13:MX_GPIO_Init	16	static
../Core/Src/main.c:196:6:HAL_TIM_PeriodElapsedCallback	16	static
../Core/Src/main.c:213:6:Error_Handler	4	static,ignoring_inline_asm
