08:52:50 **** Incremental Build of configuration Debug for project 13_idle_Task ****
make -j15 all 
arm-none-eabi-gcc "../Core/Src/main.c" -mcpu=cortex-m4 -std=gnu11 -g3 -DDEBUG -DUSE_HAL_DRIVER -DSTM32F411xE -c -I"/Users/hussamaldean/STM32CubeIDE/RTOS_Course/13_idle_Task/Core/Inc" -I"/Users/hussamaldean/STM32CubeIDE/RTOS_Course/13_idle_Task/Drivers/STM32F4xx_HAL_Driver/Inc" -I"/Users/hussamaldean/STM32CubeIDE/RTOS_Course/13_idle_Task/Drivers/STM32F4xx_HAL_Driver/Inc/Legacy" -I"/Users/hussamaldean/STM32CubeIDE/RTOS_Course/13_idle_Task/Drivers/CMSIS/Device/ST/STM32F4xx/Include" -I"/Users/hussamaldean/STM32CubeIDE/RTOS_Course/13_idle_Task/Drivers/CMSIS/Include" -I"/Users/hussamaldean/STM32CubeIDE/RTOS_Course/13_idle_Task/Middlewares/Third_Party/FreeRTOS/Source/include" -I"/Users/hussamaldean/STM32CubeIDE/RTOS_Course/13_idle_Task/Middlewares/Third_Party/FreeRTOS/Source/CMSIS_RTOS_V2" -I"/Users/hussamaldean/STM32CubeIDE/RTOS_Course/13_idle_Task/Middlewares/Third_Party/FreeRTOS/Source/portable/GCC/ARM_CM4F" -O0 -ffunction-sections -fdata-sections -Wall -fstack-usage -MMD -MP -MF"Core/Src/main.d" -MT"Core/Src/main.o" --specs=nano.specs -mfpu=fpv4-sp-d16 -mfloat-abi=hard -mthumb -o "Core/Src/main.o"
arm-none-eabi-gcc -o "13_idle_Task.elf" @"objects.list"   -mcpu=cortex-m4 -T"/Users/hussamaldean/STM32CubeIDE/RTOS_Course/13_idle_Task/STM32F411RETX_FLASH.ld" --specs=nosys.specs -Wl,-Map="13_idle_Task.map" -Wl,--gc-sections -static --specs=nano.specs -mfpu=fpv4-sp-d16 -mfloat-abi=hard -mthumb -Wl,--start-group -lc -lm -Wl,--end-group
Finished building target: 13_idle_Task.elf
 
arm-none-eabi-size   13_idle_Task.elf 
arm-none-eabi-objdump -h -S  13_idle_Task.elf  > "13_idle_Task.list"
   text	   data	    bss	    dec	    hex	filename
  24900	    124	  20508	  45532	   b1dc	13_idle_Task.elf
Finished building: default.size.stdout
 
Finished building: 13_idle_Task.list
 

08:52:50 Build Finished. 0 errors, 0 warnings. (took 797ms)

