08:39:03 **** Incremental Build of configuration Debug for project 14_working_with_queues ****
make -j15 all 
arm-none-eabi-gcc "../Core/Src/main.c" -mcpu=cortex-m4 -std=gnu11 -g3 -DDEBUG -DUSE_HAL_DRIVER -DSTM32F411xE -c -I"/Users/hussamaldean/STM32CubeIDE/RTOS_Course/14_working_with_queues/Core/Inc" -I"/Users/hussamaldean/STM32CubeIDE/RTOS_Course/14_working_with_queues/Drivers/STM32F4xx_HAL_Driver/Inc" -I"/Users/hussamaldean/STM32CubeIDE/RTOS_Course/14_working_with_queues/Drivers/STM32F4xx_HAL_Driver/Inc/Legacy" -I"/Users/hussamaldean/STM32CubeIDE/RTOS_Course/14_working_with_queues/Drivers/CMSIS/Device/ST/STM32F4xx/Include" -I"/Users/hussamaldean/STM32CubeIDE/RTOS_Course/14_working_with_queues/Drivers/CMSIS/Include" -I"/Users/hussamaldean/STM32CubeIDE/RTOS_Course/14_working_with_queues/Middlewares/Third_Party/FreeRTOS/Source/include" -I"/Users/hussamaldean/STM32CubeIDE/RTOS_Course/14_working_with_queues/Middlewares/Third_Party/FreeRTOS/Source/CMSIS_RTOS_V2" -I"/Users/hussamaldean/STM32CubeIDE/RTOS_Course/14_working_with_queues/Middlewares/Third_Party/FreeRTOS/Source/portable/GCC/ARM_CM4F" -O0 -ffunction-sections -fdata-sections -Wall -fstack-usage -MMD -MP -MF"Core/Src/main.d" -MT"Core/Src/main.o" --specs=nano.specs -mfpu=fpv4-sp-d16 -mfloat-abi=hard -mthumb -o "Core/Src/main.o"
arm-none-eabi-gcc -o "14_working_with_queues.elf" @"objects.list"   -mcpu=cortex-m4 -T"/Users/hussamaldean/STM32CubeIDE/RTOS_Course/14_working_with_queues/STM32F411RETX_FLASH.ld" --specs=nosys.specs -Wl,-Map="14_working_with_queues.map" -Wl,--gc-sections -static --specs=nano.specs -mfpu=fpv4-sp-d16 -mfloat-abi=hard -mthumb -Wl,--start-group -lc -lm -Wl,--end-group
Finished building target: 14_working_with_queues.elf
 
arm-none-eabi-size   14_working_with_queues.elf 
arm-none-eabi-objdump -h -S  14_working_with_queues.elf  > "14_working_with_queues.list"
   text	   data	    bss	    dec	    hex	filename
  24716	    124	  20700	  45540	   b1e4	14_working_with_queues.elf
Finished building: default.size.stdout
 
Finished building: 14_working_with_queues.list
 

08:39:04 Build Finished. 0 errors, 0 warnings. (took 940ms)

