07:37:00 **** Incremental Build of configuration Debug for project 27_uartRX_interrupt_receiving_data_packets ****
make -j15 all 
arm-none-eabi-gcc "../Middlewares/Third_Party/FreeRTOS/Source/CMSIS_RTOS_V2/cmsis_os2.c" -mcpu=cortex-m4 -std=gnu11 -g3 -DDEBUG -DUSE_HAL_DRIVER -DSTM32F411xE -c -I"/Users/hussamaldean/STM32CubeIDE/RTOS_Course/27_uartRX_interrupt_receiving_data_packets/Core/Inc" -I"/Users/hussamaldean/STM32CubeIDE/RTOS_Course/27_uartRX_interrupt_receiving_data_packets/Drivers/STM32F4xx_HAL_Driver/Inc" -I"/Users/hussamaldean/STM32CubeIDE/RTOS_Course/27_uartRX_interrupt_receiving_data_packets/Drivers/STM32F4xx_HAL_Driver/Inc/Legacy" -I"/Users/hussamaldean/STM32CubeIDE/RTOS_Course/27_uartRX_interrupt_receiving_data_packets/Drivers/CMSIS/Device/ST/STM32F4xx/Include" -I"/Users/hussamaldean/STM32CubeIDE/RTOS_Course/27_uartRX_interrupt_receiving_data_packets/Drivers/CMSIS/Include" -I"/Users/hussamaldean/STM32CubeIDE/RTOS_Course/27_uartRX_interrupt_receiving_data_packets/Middlewares/Third_Party/FreeRTOS/Source/include" -I"/Users/hussamaldean/STM32CubeIDE/RTOS_Course/27_uartRX_interrupt_receiving_data_packets/Middlewares/Third_Party/FreeRTOS/Source/CMSIS_RTOS_V2" -I"/Users/hussamaldean/STM32CubeIDE/RTOS_Course/27_uartRX_interrupt_receiving_data_packets/Middlewares/Third_Party/FreeRTOS/Source/portable/GCC/ARM_CM4F" -O0 -ffunction-sections -fdata-sections -Wall -fstack-usage -MMD -MP -MF"Middlewares/Third_Party/FreeRTOS/Source/CMSIS_RTOS_V2/cmsis_os2.d" -MT"Middlewares/Third_Party/FreeRTOS/Source/CMSIS_RTOS_V2/cmsis_os2.o" --specs=nano.specs -mfpu=fpv4-sp-d16 -mfloat-abi=hard -mthumb -o "Middlewares/Third_Party/FreeRTOS/Source/CMSIS_RTOS_V2/cmsis_os2.o"
arm-none-eabi-gcc "../Core/Src/main.c" -mcpu=cortex-m4 -std=gnu11 -g3 -DDEBUG -DUSE_HAL_DRIVER -DSTM32F411xE -c -I"/Users/hussamaldean/STM32CubeIDE/RTOS_Course/27_uartRX_interrupt_receiving_data_packets/Core/Inc" -I"/Users/hussamaldean/STM32CubeIDE/RTOS_Course/27_uartRX_interrupt_receiving_data_packets/Drivers/STM32F4xx_HAL_Driver/Inc" -I"/Users/hussamaldean/STM32CubeIDE/RTOS_Course/27_uartRX_interrupt_receiving_data_packets/Drivers/STM32F4xx_HAL_Driver/Inc/Legacy" -I"/Users/hussamaldean/STM32CubeIDE/RTOS_Course/27_uartRX_interrupt_receiving_data_packets/Drivers/CMSIS/Device/ST/STM32F4xx/Include" -I"/Users/hussamaldean/STM32CubeIDE/RTOS_Course/27_uartRX_interrupt_receiving_data_packets/Drivers/CMSIS/Include" -I"/Users/hussamaldean/STM32CubeIDE/RTOS_Course/27_uartRX_interrupt_receiving_data_packets/Middlewares/Third_Party/FreeRTOS/Source/include" -I"/Users/hussamaldean/STM32CubeIDE/RTOS_Course/27_uartRX_interrupt_receiving_data_packets/Middlewares/Third_Party/FreeRTOS/Source/CMSIS_RTOS_V2" -I"/Users/hussamaldean/STM32CubeIDE/RTOS_Course/27_uartRX_interrupt_receiving_data_packets/Middlewares/Third_Party/FreeRTOS/Source/portable/GCC/ARM_CM4F" -O0 -ffunction-sections -fdata-sections -Wall -fstack-usage -MMD -MP -MF"Core/Src/main.d" -MT"Core/Src/main.o" --specs=nano.specs -mfpu=fpv4-sp-d16 -mfloat-abi=hard -mthumb -o "Core/Src/main.o"
arm-none-eabi-gcc -o "27_uartRX_interrupt_receiving_data_packets.elf" @"objects.list"   -mcpu=cortex-m4 -T"/Users/hussamaldean/STM32CubeIDE/RTOS_Course/27_uartRX_interrupt_receiving_data_packets/STM32F411RETX_FLASH.ld" --specs=nosys.specs -Wl,-Map="27_uartRX_interrupt_receiving_data_packets.map" -Wl,--gc-sections -static --specs=nano.specs -mfpu=fpv4-sp-d16 -mfloat-abi=hard -mthumb -Wl,--start-group -lc -lm -Wl,--end-group
Finished building target: 27_uartRX_interrupt_receiving_data_packets.elf
 
arm-none-eabi-size   27_uartRX_interrupt_receiving_data_packets.elf 
arm-none-eabi-objdump -h -S  27_uartRX_interrupt_receiving_data_packets.elf  > "27_uartRX_interrupt_receiving_data_packets.list"
   text	   data	    bss	    dec	    hex	filename
  23860	    124	  20580	  44564	   ae14	27_uartRX_interrupt_receiving_data_packets.elf
Finished building: default.size.stdout
 
Finished building: 27_uartRX_interrupt_receiving_data_packets.list
 

07:37:00 Build Finished. 0 errors, 0 warnings. (took 665ms)

