07:41:18 **** Incremental Build of configuration Debug for project 5_ChangingPrioritiesInRunTime ****
make -j15 all 
arm-none-eabi-gcc "../Core/Src/main.c" -mcpu=cortex-m4 -std=gnu11 -g3 -DDEBUG -DUSE_HAL_DRIVER -DSTM32F411xE -c -I"/Users/hussamaldean/STM32CubeIDE/RTOS_Course/5_ChangingPrioritiesInRunTime/Core/Inc" -I"/Users/hussamaldean/STM32CubeIDE/RTOS_Course/5_ChangingPrioritiesInRunTime/Drivers/STM32F4xx_HAL_Driver/Inc" -I"/Users/hussamaldean/STM32CubeIDE/RTOS_Course/5_ChangingPrioritiesInRunTime/Drivers/STM32F4xx_HAL_Driver/Inc/Legacy" -I"/Users/hussamaldean/STM32CubeIDE/RTOS_Course/5_ChangingPrioritiesInRunTime/Drivers/CMSIS/Device/ST/STM32F4xx/Include" -I"/Users/hussamaldean/STM32CubeIDE/RTOS_Course/5_ChangingPrioritiesInRunTime/Drivers/CMSIS/Include" -I"/Users/hussamaldean/STM32CubeIDE/RTOS_Course/5_ChangingPrioritiesInRunTime/Middlewares/Third_Party/FreeRTOS/Source/include" -I"/Users/hussamaldean/STM32CubeIDE/RTOS_Course/5_ChangingPrioritiesInRunTime/Middlewares/Third_Party/FreeRTOS/Source/CMSIS_RTOS_V2" -I"/Users/hussamaldean/STM32CubeIDE/RTOS_Course/5_ChangingPrioritiesInRunTime/Middlewares/Third_Party/FreeRTOS/Source/portable/GCC/ARM_CM4F" -O0 -ffunction-sections -fdata-sections -Wall -fstack-usage -MMD -MP -MF"Core/Src/main.d" -MT"Core/Src/main.o" --specs=nano.specs -mfpu=fpv4-sp-d16 -mfloat-abi=hard -mthumb -o "Core/Src/main.o"
arm-none-eabi-gcc -o "5_ChangingPrioritiesInRunTime.elf" @"objects.list"   -mcpu=cortex-m4 -T"/Users/hussamaldean/STM32CubeIDE/RTOS_Course/5_ChangingPrioritiesInRunTime/STM32F411RETX_FLASH.ld" --specs=nosys.specs -Wl,-Map="5_ChangingPrioritiesInRunTime.map" -Wl,--gc-sections -static --specs=nano.specs -mfpu=fpv4-sp-d16 -mfloat-abi=hard -mthumb -Wl,--start-group -lc -lm -Wl,--end-group
Finished building target: 5_ChangingPrioritiesInRunTime.elf
 
arm-none-eabi-size   5_ChangingPrioritiesInRunTime.elf 
arm-none-eabi-objdump -h -S  5_ChangingPrioritiesInRunTime.elf  > "5_ChangingPrioritiesInRunTime.list"
arm-none-eabi-objcopy  -O binary  5_ChangingPrioritiesInRunTime.elf  "5_ChangingPrioritiesInRunTime.bin"
   text	   data	    bss	    dec	    hex	filename
  19000	     24	  20496	  39520	   9a60	5_ChangingPrioritiesInRunTime.elf
Finished building: default.size.stdout
 
Finished building: 5_ChangingPrioritiesInRunTime.bin
 
Finished building: 5_ChangingPrioritiesInRunTime.list
 

07:41:19 Build Finished. 0 errors, 0 warnings. (took 491ms)

