08:21:20 **** Incremental Build of configuration Debug for project 33_TheScheduler_PsuedoTimeSlicing ****
make -j15 all 
arm-none-eabi-gcc "../Core/Src/main.c" -mcpu=cortex-m4 -std=gnu11 -g3 -DDEBUG -DUSE_HAL_DRIVER -DSTM32F411xE -c -I"/Users/hussamaldean/STM32CubeIDE/RTOS_Course/33_TheScheduler_PsuedoTimeSlicing/Core/Inc" -I"/Users/hussamaldean/STM32CubeIDE/RTOS_Course/33_TheScheduler_PsuedoTimeSlicing/Drivers/STM32F4xx_HAL_Driver/Inc" -I"/Users/hussamaldean/STM32CubeIDE/RTOS_Course/33_TheScheduler_PsuedoTimeSlicing/Drivers/STM32F4xx_HAL_Driver/Inc/Legacy" -I"/Users/hussamaldean/STM32CubeIDE/RTOS_Course/33_TheScheduler_PsuedoTimeSlicing/Drivers/CMSIS/Device/ST/STM32F4xx/Include" -I"/Users/hussamaldean/STM32CubeIDE/RTOS_Course/33_TheScheduler_PsuedoTimeSlicing/Drivers/CMSIS/Include" -I"/Users/hussamaldean/STM32CubeIDE/RTOS_Course/33_TheScheduler_PsuedoTimeSlicing/Middlewares/Third_Party/FreeRTOS/Source/include" -I"/Users/hussamaldean/STM32CubeIDE/RTOS_Course/33_TheScheduler_PsuedoTimeSlicing/Middlewares/Third_Party/FreeRTOS/Source/CMSIS_RTOS_V2" -I"/Users/hussamaldean/STM32CubeIDE/RTOS_Course/33_TheScheduler_PsuedoTimeSlicing/Middlewares/Third_Party/FreeRTOS/Source/portable/GCC/ARM_CM4F" -O0 -ffunction-sections -fdata-sections -Wall -fstack-usage -MMD -MP -MF"Core/Src/main.d" -MT"Core/Src/main.o" --specs=nano.specs -mfpu=fpv4-sp-d16 -mfloat-abi=hard -mthumb -o "Core/Src/main.o"
arm-none-eabi-gcc -o "33_TheScheduler_PsuedoTimeSlicing.elf" @"objects.list"   -mcpu=cortex-m4 -T"/Users/hussamaldean/STM32CubeIDE/RTOS_Course/33_TheScheduler_PsuedoTimeSlicing/STM32F411RETX_FLASH.ld" --specs=nosys.specs -Wl,-Map="33_TheScheduler_PsuedoTimeSlicing.map" -Wl,--gc-sections -static --specs=nano.specs -mfpu=fpv4-sp-d16 -mfloat-abi=hard -mthumb -Wl,--start-group -lc -lm -Wl,--end-group
Finished building target: 33_TheScheduler_PsuedoTimeSlicing.elf
 
arm-none-eabi-size   33_TheScheduler_PsuedoTimeSlicing.elf 
arm-none-eabi-objdump -h -S  33_TheScheduler_PsuedoTimeSlicing.elf  > "33_TheScheduler_PsuedoTimeSlicing.list"
   text	   data	    bss	    dec	    hex	filename
  19552	     24	  20488	  40064	   9c80	33_TheScheduler_PsuedoTimeSlicing.elf
Finished building: default.size.stdout
 
Finished building: 33_TheScheduler_PsuedoTimeSlicing.list
 
08:21:27 **** Incremental Build of configuration Debug for project 33_TheScheduler_PsuedoTimeSlicing ****
make -j15 all 
arm-none-eabi-size   33_TheScheduler_PsuedoTimeSlicing.elf 
   text	   data	    bss	    dec	    hex	filename
  19552	     24	  20488	  40064	   9c80	33_TheScheduler_PsuedoTimeSlicing.elf
Finished building: default.size.stdout
 
