../Core/Src/main.c:22:5:__io_putchar	16	static
../Core/Src/main.c:28:5:main	16	static
../Core/Src/main.c:57:6:vBlueLEDControllerTask	24	static
../Core/Src/main.c:71:6:vRedLEDControllerTask	16	static
../Core/Src/main.c:81:6:vGreenLEDControllerTask	16	static
../Core/Src/main.c:92:6:SystemClock_Config	88	static
../Core/Src/main.c:132:13:MX_USART2_UART_Init	8	static
../Core/Src/main.c:165:13:MX_GPIO_Init	16	static
../Core/Src/main.c:186:6:HAL_TIM_PeriodElapsedCallback	16	static
../Core/Src/main.c:203:6:Error_Handler	4	static,ignoring_inline_asm
