../Core/Src/main.c:82:5:main	16	static
../Core/Src/main.c:161:5:__io_putchar	24	static
../Core/Src/main.c:169:6:blueLedControllerTask	16	static
../Core/Src/main.c:179:6:redLedControllerTask	24	static
../Core/Src/main.c:189:6:GreenLedControllerTask	16	static
../Core/Src/main.c:202:6:SystemClock_Config	88	static
../Core/Src/main.c:250:13:MX_USART2_UART_Init	8	static
../Core/Src/main.c:283:13:MX_GPIO_Init	48	static
../Core/Src/main.c:345:6:HAL_TIM_PeriodElapsedCallback	16	static
../Core/Src/main.c:362:6:Error_Handler	4	static,ignoring_inline_asm
