../Core/Src/main.c:12:5:uart2_write	16	static
../Core/Src/main.c:22:5:__io_putchar	16	static
../Core/Src/main.c:37:5:main	16	static
../Core/Src/main.c:74:6:SenderTask1	32	static
../Core/Src/main.c:92:6:SenderTask2	32	static
../Core/Src/main.c:110:6:ReceiverTask	32	static
../Core/Src/main.c:131:6:SystemClock_Config	88	static
../Core/Src/main.c:171:13:MX_USART2_UART_Init	8	static
../Core/Src/main.c:204:13:MX_GPIO_Init	16	static
../Core/Src/main.c:225:6:HAL_TIM_PeriodElapsedCallback	16	static
../Core/Src/main.c:242:6:Error_Handler	4	static,ignoring_inline_asm
