../Core/Src/main.c:28:5:main	16	static
../Core/Src/main.c:72:5:__io_putchar	24	static
../Core/Src/main.c:85:6:blueLEDControllerTask	24	static
../Core/Src/main.c:103:6:redLEDControllerTask	24	static
../Core/Src/main.c:118:6:greenLEDControllerTask	24	static
../Core/Src/main.c:138:6:SystemClock_Config	88	static
../Core/Src/main.c:186:13:MX_USART2_UART_Init	8	static
../Core/Src/main.c:219:13:MX_GPIO_Init	48	static
../Core/Src/main.c:265:6:HAL_TIM_PeriodElapsedCallback	16	static
../Core/Src/main.c:282:6:Error_Handler	4	static,ignoring_inline_asm
