../Core/Src/main.c:27:5:main	16	static
../Core/Src/main.c:71:5:__io_putchar	24	static
../Core/Src/main.c:84:6:blueLEDControllerTask	24	static
../Core/Src/main.c:106:6:redLEDControllerTask	24	static
../Core/Src/main.c:125:6:greenLEDControllerTask	24	static
../Core/Src/main.c:149:6:SystemClock_Config	88	static
../Core/Src/main.c:197:13:MX_USART2_UART_Init	8	static
../Core/Src/main.c:230:13:MX_GPIO_Init	48	static
../Core/Src/main.c:276:6:HAL_TIM_PeriodElapsedCallback	16	static
../Core/Src/main.c:293:6:Error_Handler	4	static,ignoring_inline_asm
