../Core/Src/main.c:25:5:main	16	static
../Core/Src/main.c:68:5:__io_putchar	24	static
../Core/Src/main.c:77:6:vApplicationIdleHook	4	static
../Core/Src/main.c:87:6:blueLEDControllerTask	16	static
../Core/Src/main.c:101:6:redLEDControllerTask	16	static
../Core/Src/main.c:113:6:greenLEDControllerTask	16	static
../Core/Src/main.c:129:6:SystemClock_Config	88	static
../Core/Src/main.c:177:13:MX_USART2_UART_Init	8	static
../Core/Src/main.c:210:13:MX_GPIO_Init	48	static
../Core/Src/main.c:256:6:HAL_TIM_PeriodElapsedCallback	16	static
../Core/Src/main.c:273:6:Error_Handler	4	static,ignoring_inline_asm
