2025-03-22 23:01:15,960 [INFO] Activator:176 - 


2025-03-22 23:01:15,968 [INFO] Activator:177 - !SESSION log4j initialized
2025-03-22 23:01:25,408 [INFO] LogOutputStream:77 - [STDOUT_REDIRECT] 
2025-03-22 23:01:32,725 [INFO] ApplicationProperties:184 - Using Application install path: D:\ST\STM32CubeIDE_1.17.0\STM32CubeIDE\plugins\com.st.stm32cube.common.mx_6.13.0.202411220809
2025-03-22 23:01:32,754 [INFO] DbMcusXml:78 - Set database path to: D:\ST\STM32CubeIDE_1.17.0\STM32CubeIDE\plugins\com.st.stm32cube.common.mx_6.13.0.202411220809\\db\/mcu/
2025-03-22 23:01:32,754 [INFO] ApiDb:274 - Set plugin database path to: D:\ST\STM32CubeIDE_1.17.0\STM32CubeIDE\plugins\com.st.stm32cube.common.mx_6.13.0.202411220809\\db\/plugins/boardmanager/
2025-03-22 23:01:32,755 [WARN] ApiDb:259 - Overriding images path with different value:  => D:\ST\STM32CubeIDE_1.17.0\STM32CubeIDE\plugins\com.st.stm32cube.common.mx_6.13.0.202411220809\\db\/plugins/mcufinder/images/
2025-03-22 23:01:32,777 [INFO] ApiDb:250 - Set database path to: C:\Users\sagar\.stmcufinder\plugins\mcufinder//mcu/
2025-03-22 23:01:32,781 [INFO] DbMcusAds:125 - Set database path to: C:\Users\sagar\.stmcufinder\plugins\mcufinder//mcu/
2025-03-22 23:01:32,784 [INFO] CrossReferenceDbSqlite:203 - Set database path to: C:\Users\sagar\.stmcufinder\plugins\mcufinder//mcu/cs/
2025-03-22 23:01:32,945 [INFO] RulesReader:64 - Compatibility file has been processed (297 Rules)
2025-03-22 23:01:33,084 [INFO] DbMcusXml:78 - Set database path to: D:\ST\STM32CubeIDE_1.17.0\STM32CubeIDE\plugins\com.st.stm32cube.common.mx_6.13.0.202411220809\\db\/mcu/
2025-03-22 23:01:33,084 [INFO] ApiDb:274 - Set plugin database path to: D:\ST\STM32CubeIDE_1.17.0\STM32CubeIDE\plugins\com.st.stm32cube.common.mx_6.13.0.202411220809\\db\/plugins/boardmanager/
2025-03-22 23:01:33,084 [INFO] ApiDb:261 - Set plugin images path to: D:\ST\STM32CubeIDE_1.17.0\STM32CubeIDE\plugins\com.st.stm32cube.common.mx_6.13.0.202411220809\\db\/plugins/mcufinder/images/
2025-03-22 23:01:33,084 [WARN] DbFile:41 - Overriding database path with different value: C:\Users\sagar\.stmcufinder\plugins\mcufinder/ => C:\Users\sagar\.stmcufinder\plugins\mcufinder
2025-03-22 23:01:33,084 [INFO] ApiDb:250 - Set database path to: C:\Users\sagar\.stmcufinder\plugins\mcufinder//mcu/
2025-03-22 23:01:33,085 [WARN] DbFile:41 - Overriding database path with different value: C:\Users\sagar\.stmcufinder\plugins\mcufinder/ => C:\Users\sagar\.stmcufinder\plugins\mcufinder
2025-03-22 23:01:33,085 [INFO] DbMcusAds:125 - Set database path to: C:\Users\sagar\.stmcufinder\plugins\mcufinder//mcu/
2025-03-22 23:01:33,085 [WARN] DbFile:41 - Overriding database path with different value: C:\Users\sagar\.stmcufinder\plugins\mcufinder/ => C:\Users\sagar\.stmcufinder\plugins\mcufinder
2025-03-22 23:01:33,085 [WARN] DbFile:41 - Overriding database path with different value: C:\Users\sagar\.stmcufinder\plugins\mcufinder/ => C:\Users\sagar\.stmcufinder\plugins\mcufinder
2025-03-22 23:01:33,085 [INFO] CrossReferenceDbSqlite:203 - Set database path to: C:\Users\sagar\.stmcufinder\plugins\mcufinder//mcu/cs/
2025-03-22 23:01:33,201 [INFO] MainPanel:272 - HeapMemory: 268435456
2025-03-22 23:01:33,383 [INFO] DbMcusXml:78 - Set database path to: D:\ST\STM32CubeIDE_1.17.0\STM32CubeIDE\plugins\com.st.stm32cube.common.mx_6.13.0.202411220809\\db\/mcu/
2025-03-22 23:01:33,384 [INFO] ApiDb:274 - Set plugin database path to: D:\ST\STM32CubeIDE_1.17.0\STM32CubeIDE\plugins\com.st.stm32cube.common.mx_6.13.0.202411220809\\db\/plugins/boardmanager/
2025-03-22 23:01:33,384 [INFO] ApiDb:261 - Set plugin images path to: D:\ST\STM32CubeIDE_1.17.0\STM32CubeIDE\plugins\com.st.stm32cube.common.mx_6.13.0.202411220809\\db\/plugins/mcufinder/images/
2025-03-22 23:01:33,384 [WARN] DbFile:41 - Overriding database path with different value: C:\Users\sagar\.stmcufinder\plugins\mcufinder/ => C:\Users\sagar\.stmcufinder\plugins\mcufinder
2025-03-22 23:01:33,384 [INFO] ApiDb:250 - Set database path to: C:\Users\sagar\.stmcufinder\plugins\mcufinder//mcu/
2025-03-22 23:01:33,385 [WARN] DbFile:41 - Overriding database path with different value: C:\Users\sagar\.stmcufinder\plugins\mcufinder/ => C:\Users\sagar\.stmcufinder\plugins\mcufinder
2025-03-22 23:01:33,385 [INFO] DbMcusAds:125 - Set database path to: C:\Users\sagar\.stmcufinder\plugins\mcufinder//mcu/
2025-03-22 23:01:33,385 [WARN] DbFile:41 - Overriding database path with different value: C:\Users\sagar\.stmcufinder\plugins\mcufinder/ => C:\Users\sagar\.stmcufinder\plugins\mcufinder
2025-03-22 23:01:33,385 [WARN] DbFile:41 - Overriding database path with different value: C:\Users\sagar\.stmcufinder\plugins\mcufinder/ => C:\Users\sagar\.stmcufinder\plugins\mcufinder
2025-03-22 23:01:33,385 [INFO] CrossReferenceDbSqlite:203 - Set database path to: C:\Users\sagar\.stmcufinder\plugins\mcufinder//mcu/cs/
2025-03-22 23:01:33,414 [INFO] ApplicationProperties:184 - Using Application install path: D:\ST\STM32CubeIDE_1.17.0\STM32CubeIDE\plugins\com.st.stm32cube.common.mx_6.13.0.202411220809
2025-03-22 23:01:33,417 [INFO] PluginManage:196 - Search for loadable plugins [exclusion list=, ]
2025-03-22 23:01:33,420 [INFO] PluginManage:310 - Check plugin analytics
2025-03-22 23:01:33,711 [INFO] AnalyticsPlugin:253 - Accepted Software Licenses: STM32CubeMX.6.13.0
2025-03-22 23:01:33,713 [INFO] AnalyticsPlugin:255 - Accepted CMSIS Pack Licenses: 
2025-03-22 23:01:33,713 [INFO] AnalyticsPlugin:257 - Accepted Firmware Licenses: FW.F4.1.28.0,FW.G0.1.6.0
2025-03-22 23:01:33,718 [INFO] PluginManage:359 - Loaded plugin analytics (category:tool,tabindex:-1)
2025-03-22 23:01:33,718 [INFO] PluginManage:310 - Check plugin cadmodel
2025-03-22 23:01:33,746 [INFO] CADModel:105 - Init CAD model plugin
2025-03-22 23:01:33,746 [INFO] PluginManage:359 - Loaded plugin cadmodel (category:power,tabindex:5)
2025-03-22 23:01:33,747 [INFO] PluginManage:310 - Check plugin clock
2025-03-22 23:01:33,776 [INFO] PluginManage:359 - Loaded plugin clock (category:base,tabindex:2)
2025-03-22 23:01:33,777 [INFO] PluginManage:310 - Check plugin ddr
2025-03-22 23:01:33,780 [INFO] PluginManage:359 - Loaded plugin ddr (category:tool,tabindex:6)
2025-03-22 23:01:33,780 [INFO] PluginManage:310 - Check plugin filemanager
2025-03-22 23:01:33,988 [INFO] PluginManage:359 - Loaded plugin filemanager (category:base,tabindex:10)
2025-03-22 23:01:33,988 [INFO] PluginManage:310 - Check plugin ipmanager
2025-03-22 23:01:33,998 [INFO] PluginManage:359 - Loaded plugin ipmanager (category:base,tabindex:5)
2025-03-22 23:01:33,998 [INFO] PluginManage:310 - Check plugin lpbam
2025-03-22 23:01:34,026 [INFO] PluginManage:359 - Loaded plugin lpbam (category:base,tabindex:0)
2025-03-22 23:01:34,026 [INFO] PluginManage:310 - Check plugin memorymap
2025-03-22 23:01:34,064 [INFO] PluginManage:359 - Loaded plugin memorymap (category:base,tabindex:4)
2025-03-22 23:01:34,064 [INFO] PluginManage:310 - Check plugin pinoutandconfiguration
2025-03-22 23:01:34,091 [INFO] PluginManage:359 - Loaded plugin pinoutandconfiguration (category:base,tabindex:1)
2025-03-22 23:01:34,091 [INFO] PluginManage:310 - Check plugin pinoutconfig
2025-03-22 23:01:34,228 [WARN] SupportedApi:132 - Cannot load RTOS API schema: s4s-elt-must-match.1: The content of 'definitions' must match (annotation?, (simpleType | complexType)?, (unique | key | keyref)*)). A problem was found starting at: attribute.
2025-03-22 23:01:34,425 [INFO] PluginManage:359 - Loaded plugin pinoutconfig (category:base,tabindex:0)
2025-03-22 23:01:34,426 [INFO] PluginManage:310 - Check plugin power
2025-03-22 23:01:34,458 [INFO] PluginManage:359 - Loaded plugin power (category:power,tabindex:4)
2025-03-22 23:01:34,458 [INFO] PluginManage:310 - Check plugin projectmanager
2025-03-22 23:01:34,479 [INFO] PluginManage:359 - Loaded plugin projectmanager (category:projectmanager,tabindex:4)
2025-03-22 23:01:34,479 [INFO] PluginManage:310 - Check plugin rif
2025-03-22 23:01:34,506 [INFO] PluginManage:359 - Loaded plugin rif (category:base,tabindex:3)
2025-03-22 23:01:34,506 [INFO] PluginManage:310 - Check plugin thirdparty
2025-03-22 23:01:34,944 [INFO] PluginManage:359 - Loaded plugin thirdparty (category:base,tabindex:-1)
2025-03-22 23:01:34,944 [WARN] IntegrityCheckThread:84 - waiting for thirdparty lock release [integrity check]
2025-03-22 23:01:34,945 [INFO] IntegrityCheckThread:86 - entering critical section [integrity check]
2025-03-22 23:01:34,945 [INFO] PluginManage:310 - Check plugin tools
2025-03-22 23:01:34,946 [INFO] ThirdPartyUpdaterWithRetryManager:70 - Updater plugin not ready yet. [1/15]
2025-03-22 23:01:35,007 [INFO] PluginManage:359 - Loaded plugin tools (category:base,tabindex:7)
2025-03-22 23:01:35,007 [INFO] PluginManage:310 - Check plugin tutovideos
2025-03-22 23:01:35,312 [INFO] PluginManage:359 - Loaded plugin tutovideos (category:base,tabindex:-1)
2025-03-22 23:01:35,313 [INFO] PluginManage:310 - Check plugin updater
2025-03-22 23:01:35,346 [INFO] PluginManage:359 - Loaded plugin updater (category:base,tabindex:12)
2025-03-22 23:01:35,347 [INFO] PluginManage:310 - Check plugin userauth
2025-03-22 23:01:35,353 [INFO] UserAuth:118 - Init User Auth plugin
2025-03-22 23:01:35,354 [INFO] PluginManage:359 - Loaded plugin userauth (category:base,tabindex:14)
2025-03-22 23:01:35,355 [INFO] PluginManage:283 - PluginManage : Loaded plugins [18]
2025-03-22 23:01:35,655 [INFO] PinOutPanel:1589 - setPackage(No Configuration,No Configuration)
2025-03-22 23:01:35,779 [INFO] CADModel:165 - CPN selected for project level
2025-03-22 23:01:35,780 [INFO] CADModel:114 - Register for checkConnection events
2025-03-22 23:01:35,820 [INFO] IPUIPlugin:80 - create IPUIPlugin
2025-03-22 23:01:35,820 [INFO] PluginManager:220 - loadIPPluginJar : add adc
2025-03-22 23:01:35,885 [INFO] IPUIPlugin:80 - create IPUIPlugin
2025-03-22 23:01:35,885 [INFO] PluginManager:220 - loadIPPluginJar : add aes
2025-03-22 23:01:35,954 [INFO] IPUIPlugin:80 - create IPUIPlugin
2025-03-22 23:01:35,954 [INFO] PluginManager:220 - loadIPPluginJar : add can
2025-03-22 23:01:35,995 [INFO] IPUIPlugin:80 - create IPUIPlugin
2025-03-22 23:01:35,995 [INFO] PluginManager:220 - loadIPPluginJar : add comp
2025-03-22 23:01:36,053 [INFO] IPUIPlugin:80 - create IPUIPlugin
2025-03-22 23:01:36,053 [INFO] PluginManager:220 - loadIPPluginJar : add cryp
2025-03-22 23:01:36,072 [INFO] IPUIPlugin:80 - create IPUIPlugin
2025-03-22 23:01:36,072 [INFO] PluginManager:220 - loadIPPluginJar : add ddr_ctrl_phy
2025-03-22 23:01:36,120 [INFO] IPUIPlugin:80 - create IPUIPlugin
2025-03-22 23:01:36,120 [INFO] PluginManager:220 - loadIPPluginJar : add dfsdm
2025-03-22 23:01:36,143 [INFO] IPUIPlugin:80 - create IPUIPlugin
2025-03-22 23:01:36,143 [INFO] PluginManager:220 - loadIPPluginJar : add dma
2025-03-22 23:01:36,204 [INFO] IPUIPlugin:80 - create IPUIPlugin
2025-03-22 23:01:36,204 [INFO] PluginManager:220 - loadIPPluginJar : add dma3
2025-03-22 23:01:36,277 [INFO] IPUIPlugin:80 - create IPUIPlugin
2025-03-22 23:01:36,278 [INFO] PluginManager:220 - loadIPPluginJar : add extmemmanager
2025-03-22 23:01:36,311 [INFO] IPUIPlugin:80 - create IPUIPlugin
2025-03-22 23:01:36,311 [INFO] PluginManager:220 - loadIPPluginJar : add fatfs
2025-03-22 23:01:36,387 [INFO] IPUIPlugin:80 - create IPUIPlugin
2025-03-22 23:01:36,387 [INFO] PluginManager:220 - loadIPPluginJar : add fmc
2025-03-22 23:01:36,411 [INFO] IPUIPlugin:80 - create IPUIPlugin
2025-03-22 23:01:36,411 [INFO] PluginManager:220 - loadIPPluginJar : add freertos
2025-03-22 23:01:36,446 [INFO] IPUIPlugin:80 - create IPUIPlugin
2025-03-22 23:01:36,447 [INFO] PluginManager:220 - loadIPPluginJar : add genericplugin
2025-03-22 23:01:36,587 [INFO] IPUIPlugin:80 - create IPUIPlugin
2025-03-22 23:01:36,587 [INFO] PluginManager:220 - loadIPPluginJar : add gfxmmu
2025-03-22 23:01:36,783 [INFO] IPUIPlugin:80 - create IPUIPlugin
2025-03-22 23:01:36,783 [INFO] PluginManager:220 - loadIPPluginJar : add gic
2025-03-22 23:01:36,807 [INFO] IPUIPlugin:80 - create IPUIPlugin
2025-03-22 23:01:36,807 [INFO] PluginManager:220 - loadIPPluginJar : add gpio
2025-03-22 23:01:36,935 [INFO] IPUIPlugin:80 - create IPUIPlugin
2025-03-22 23:01:36,935 [INFO] PluginManager:220 - loadIPPluginJar : add gtzc
2025-03-22 23:01:36,980 [INFO] IPUIPlugin:80 - create IPUIPlugin
2025-03-22 23:01:36,980 [INFO] PluginManager:220 - loadIPPluginJar : add hash
2025-03-22 23:01:37,046 [INFO] IPUIPlugin:80 - create IPUIPlugin
2025-03-22 23:01:37,046 [INFO] PluginManager:220 - loadIPPluginJar : add i2c
2025-03-22 23:01:37,096 [INFO] IPUIPlugin:80 - create IPUIPlugin
2025-03-22 23:01:37,096 [INFO] PluginManager:220 - loadIPPluginJar : add i2s
2025-03-22 23:01:37,153 [INFO] IPUIPlugin:80 - create IPUIPlugin
2025-03-22 23:01:37,153 [INFO] PluginManager:220 - loadIPPluginJar : add i3c
2025-03-22 23:01:37,303 [INFO] IPUIPlugin:80 - create IPUIPlugin
2025-03-22 23:01:37,303 [INFO] PluginManager:220 - loadIPPluginJar : add ipddr
2025-03-22 23:01:37,410 [INFO] IPUIPlugin:80 - create IPUIPlugin
2025-03-22 23:01:37,410 [INFO] PluginManager:220 - loadIPPluginJar : add linkedlist
2025-03-22 23:01:37,456 [INFO] IPUIPlugin:80 - create IPUIPlugin
2025-03-22 23:01:37,456 [INFO] PluginManager:220 - loadIPPluginJar : add lorawan
2025-03-22 23:01:37,506 [INFO] IPUIPlugin:80 - create IPUIPlugin
2025-03-22 23:01:37,506 [INFO] PluginManager:220 - loadIPPluginJar : add ltdc
2025-03-22 23:01:37,526 [INFO] IPUIPlugin:80 - create IPUIPlugin
2025-03-22 23:01:37,527 [INFO] PluginManager:220 - loadIPPluginJar : add mdma
2025-03-22 23:01:37,543 [INFO] IPUIPlugin:80 - create IPUIPlugin
2025-03-22 23:01:37,543 [INFO] PluginManager:220 - loadIPPluginJar : add nvic
2025-03-22 23:01:37,590 [INFO] IPUIPlugin:80 - create IPUIPlugin
2025-03-22 23:01:37,590 [INFO] PluginManager:220 - loadIPPluginJar : add opamp
2025-03-22 23:01:37,664 [INFO] IPUIPlugin:80 - create IPUIPlugin
2025-03-22 23:01:37,664 [INFO] PluginManager:220 - loadIPPluginJar : add openamp
2025-03-22 23:01:37,719 [INFO] IPUIPlugin:80 - create IPUIPlugin
2025-03-22 23:01:37,719 [INFO] PluginManager:220 - loadIPPluginJar : add pdm2pcm
2025-03-22 23:01:37,739 [INFO] IPUIPlugin:80 - create IPUIPlugin
2025-03-22 23:01:37,742 [INFO] PluginManager:220 - loadIPPluginJar : add plateformsettings
2025-03-22 23:01:37,782 [INFO] IPUIPlugin:80 - create IPUIPlugin
2025-03-22 23:01:37,782 [INFO] PluginManager:220 - loadIPPluginJar : add quadspi
2025-03-22 23:01:37,814 [INFO] IPUIPlugin:80 - create IPUIPlugin
2025-03-22 23:01:37,815 [INFO] PluginManager:220 - loadIPPluginJar : add radio
2025-03-22 23:01:37,831 [INFO] IPUIPlugin:80 - create IPUIPlugin
2025-03-22 23:01:37,831 [INFO] PluginManager:220 - loadIPPluginJar : add resmgrutility
2025-03-22 23:01:37,891 [INFO] IPUIPlugin:80 - create IPUIPlugin
2025-03-22 23:01:37,892 [INFO] PluginManager:220 - loadIPPluginJar : add sai
2025-03-22 23:01:37,936 [INFO] IPUIPlugin:80 - create IPUIPlugin
2025-03-22 23:01:37,936 [INFO] PluginManager:220 - loadIPPluginJar : add spi
2025-03-22 23:01:37,947 [INFO] ThirdPartyUpdaterWithRetryManager:70 - Updater plugin not ready yet. [2/15]
2025-03-22 23:01:38,022 [INFO] IPUIPlugin:80 - create IPUIPlugin
2025-03-22 23:01:38,022 [INFO] PluginManager:220 - loadIPPluginJar : add stm32_wpan
2025-03-22 23:01:38,051 [INFO] IPUIPlugin:80 - create IPUIPlugin
2025-03-22 23:01:38,051 [INFO] PluginManager:220 - loadIPPluginJar : add tim
2025-03-22 23:01:38,127 [INFO] IPUIPlugin:80 - create IPUIPlugin
2025-03-22 23:01:38,128 [INFO] PluginManager:220 - loadIPPluginJar : add touchsensing
2025-03-22 23:01:38,157 [INFO] IPUIPlugin:80 - create IPUIPlugin
2025-03-22 23:01:38,157 [INFO] PluginManager:220 - loadIPPluginJar : add tracer_emb
2025-03-22 23:01:38,187 [INFO] IPUIPlugin:80 - create IPUIPlugin
2025-03-22 23:01:38,187 [INFO] PluginManager:220 - loadIPPluginJar : add ts
2025-03-22 23:01:38,216 [INFO] IPUIPlugin:80 - create IPUIPlugin
2025-03-22 23:01:38,216 [INFO] PluginManager:220 - loadIPPluginJar : add tsc
2025-03-22 23:01:38,244 [INFO] IPUIPlugin:80 - create IPUIPlugin
2025-03-22 23:01:38,245 [INFO] PluginManager:220 - loadIPPluginJar : add ucpd
2025-03-22 23:01:38,302 [INFO] IPUIPlugin:80 - create IPUIPlugin
2025-03-22 23:01:38,302 [INFO] PluginManager:220 - loadIPPluginJar : add usart
2025-03-22 23:01:38,356 [INFO] IPUIPlugin:80 - create IPUIPlugin
2025-03-22 23:01:38,356 [INFO] PluginManager:220 - loadIPPluginJar : add usbx
2025-03-22 23:01:38,484 [FATAL] Updater:351 - Updater called before beeing initialized
2025-03-22 23:01:38,516 [INFO] RulesReader:64 - Compatibility file has been processed (297 Rules)
2025-03-22 23:01:38,526 [INFO] RulesReader:64 - Compatibility file has been processed (297 Rules)
2025-03-22 23:01:38,535 [INFO] CADModel:165 - CPN selected for project level
2025-03-22 23:01:38,535 [INFO] CADModel:114 - Register for checkConnection events
2025-03-22 23:01:38,535 [FATAL] Updater:351 - Updater called before beeing initialized
2025-03-22 23:01:38,535 [ERROR] CADModel:125 - Updater not yet initialized, retry later 
2025-03-22 23:01:38,732 [FATAL] Updater:351 - Updater called before beeing initialized
2025-03-22 23:01:38,736 [INFO] CADModel:165 - CPN selected for project level
2025-03-22 23:01:38,736 [INFO] CADModel:114 - Register for checkConnection events
2025-03-22 23:01:38,736 [FATAL] Updater:351 - Updater called before beeing initialized
2025-03-22 23:01:38,736 [ERROR] CADModel:125 - Updater not yet initialized, retry later 
2025-03-22 23:01:38,741 [FATAL] Updater:351 - Updater called before beeing initialized
2025-03-22 23:01:38,878 [FATAL] Updater:351 - Updater called before beeing initialized
2025-03-22 23:01:38,891 [INFO] DbMcusAds:53 - JSON generation date=Thu Mar 06 20:24:21 IST 2025 (1741272861825)
2025-03-22 23:01:38,891 [FATAL] Updater:351 - Updater called before beeing initialized
2025-03-22 23:01:38,989 [WARN] DetailPanel:346 - Failed to get advertising image, set to default
2025-03-22 23:01:39,210 [FATAL] Updater:351 - Updater called before beeing initialized
2025-03-22 23:01:39,212 [FATAL] Updater:351 - Updater called before beeing initialized
2025-03-22 23:01:39,212 [FATAL] Updater:351 - Updater called before beeing initialized
2025-03-22 23:01:39,212 [WARN] DetailPanel:346 - Failed to get advertising image, set to default
2025-03-22 23:01:39,213 [FATAL] Updater:351 - Updater called before beeing initialized
2025-03-22 23:01:39,278 [ERROR] Updater:1198 - MainUpdater not yet initialized. External WinMGr cannot be set.
2025-03-22 23:01:39,294 [INFO] Updater:1134 - Updater Version found : 6.13.0
2025-03-22 23:01:39,310 [INFO] ApplicationProperties:184 - Using Application install path: D:\ST\STM32CubeIDE_1.17.0\STM32CubeIDE\plugins\com.st.stm32cube.common.mx_6.13.0.202411220809
2025-03-22 23:01:40,904 [ERROR] LogOutputStream:75 - [STDERR_REDIRECT] Mar 22, 2025 11:01:40 PM java.util.prefs.WindowsPreferences <init>
2025-03-22 23:01:40,905 [ERROR] LogOutputStream:75 - [STDERR_REDIRECT] WARNING: Could not open/create prefs root node Software\JavaSoft\Prefs at root 0xffffffff80000002. Windows RegCreateKeyEx(...) returned error code 5.
2025-03-22 23:01:40,905 [ERROR] LogOutputStream:75 - [STDERR_REDIRECT] 
2025-03-22 23:01:40,947 [INFO] ThirdPartyUpdaterWithRetryManager:70 - Updater plugin not ready yet. [3/15]
2025-03-22 23:01:42,893 [INFO] MainUpdater:2872 - connection check result : 10
2025-03-22 23:01:42,894 [INFO] MainUpdater:289 - Updater Check For Update Now.
2025-03-22 23:01:42,894 [INFO] MicroXplorer:498 - Change Database Version : DB.6.0.130
2025-03-22 23:01:42,948 [INFO] McuFinderGlobals:63 - Set McuFinder mode to 2 (CubeIDE integrated)
2025-03-22 23:01:42,966 [INFO] UserAuth:486 - Internet connection configuration mode: 1
2025-03-22 23:01:43,043 [INFO] JxBrowserEngine:152 - Initiate JxBrowser Engine with user profile folder
2025-03-22 23:01:43,209 [INFO] CheckServerUpdateThread:120 - End of CheckServer Thread
2025-03-22 23:01:44,381 [WARN] PackLoader:240 - Cannot read IP mode file for STMicroelectronics.FP-SNS-MOTENVWB1.1.4.0
2025-03-22 23:01:44,406 [WARN] PackLoader:240 - Cannot read IP mode file for STMicroelectronics.FP-ATR-ASTRA1.2.0.2
2025-03-22 23:01:44,423 [WARN] PackLoader:240 - Cannot read IP mode file for STMicroelectronics.FP-ATR-ASTRA1.2.0.1
2025-03-22 23:01:44,450 [WARN] PackLoader:240 - Cannot read IP mode file for STMicroelectronics.X-CUBE-SMBUS.2.1.0
2025-03-22 23:01:44,474 [WARN] PackLoader:240 - Cannot read IP mode file for STMicroelectronics.X-CUBE-WB05N.1.1.0
2025-03-22 23:01:44,530 [WARN] PackLoader:240 - Cannot read IP mode file for STMicroelectronics.X-CUBE-AZRTOS-F7.1.1.0
2025-03-22 23:01:44,553 [WARN] PackLoader:240 - Cannot read IP mode file for STMicroelectronics.FP-SNS-FLIGHT1.5.0.2
2025-03-22 23:01:44,597 [WARN] PackLoader:240 - Cannot read IP mode file for Infineon.AIROC-Wi-Fi-Bluetooth-STM32.1.7.0
2025-03-22 23:01:44,618 [INFO] WebApp:168 - Instantiating new browser for Auth
2025-03-22 23:01:44,629 [WARN] PackLoader:240 - Cannot read IP mode file for STMicroelectronics.X-CUBE-DISPLAY.3.0.0
2025-03-22 23:01:44,667 [WARN] PackLoader:240 - Cannot read IP mode file for STMicroelectronics.X-CUBE-BLE1.7.0.0
2025-03-22 23:01:44,698 [WARN] PackLoader:240 - Cannot read IP mode file for STMicroelectronics.X-CUBE-NFC10.1.0.0
2025-03-22 23:01:44,731 [WARN] PackLoader:240 - Cannot read IP mode file for STMicroelectronics.X-CUBE-BLEMGR.4.0.0
2025-03-22 23:01:44,765 [WARN] PackLoader:240 - Cannot read IP mode file for emotas.I-CUBE-CANOPEN.1.3.0
2025-03-22 23:01:44,786 [WARN] PackLoader:240 - Cannot read IP mode file for STMicroelectronics.X-CUBE-AI.10.0.0
2025-03-22 23:01:44,809 [WARN] PackLoader:240 - Cannot read IP mode file for STMicroelectronics.FP-SNS-SMARTAG2.1.2.0
2025-03-22 23:01:44,831 [WARN] PackLoader:240 - Cannot read IP mode file for STMicroelectronics.FP-SNS-FLIGHT1.5.1.0
2025-03-22 23:01:44,907 [WARN] PackLoader:240 - Cannot read IP mode file for STMicroelectronics.X-CUBE-MEMS1.11.1.0
2025-03-22 23:01:45,116 [INFO] LogOutputStream:77 - [STDOUT_REDIRECT] 1 : Invalid condition id : UX_CORESTACK_Condition cause : null
2025-03-22 23:01:45,118 [INFO] LogOutputStream:77 - [STDOUT_REDIRECT] 1 : Invalid condition id : UX_CORESTACK_Condition cause : null
2025-03-22 23:01:45,122 [INFO] LogOutputStream:77 - [STDOUT_REDIRECT] 1 : Invalid condition id : UX_CORESTACK_Condition cause : null
2025-03-22 23:01:45,124 [INFO] LogOutputStream:77 - [STDOUT_REDIRECT] 1 : Invalid condition id : UX_CORESTACK_Condition cause : null
2025-03-22 23:01:45,127 [INFO] LogOutputStream:77 - [STDOUT_REDIRECT] 1 : Invalid condition id : UX_CORESTACK_Condition cause : null
2025-03-22 23:01:45,131 [WARN] PackLoader:240 - Cannot read IP mode file for STMicroelectronics.X-CUBE-AZRTOS-WL.2.0.0
2025-03-22 23:01:45,159 [WARN] PackLoader:240 - Cannot read IP mode file for STMicroelectronics.FP-SNS-MOTENV1.5.0.0
2025-03-22 23:01:45,181 [WARN] PackLoader:240 - Cannot read IP mode file for wolfSSL.I-CUBE-wolfMQTT.1.19.0
2025-03-22 23:01:45,211 [WARN] PackLoader:240 - Cannot read IP mode file for WES.I-CUBE-Cesium.1.3.0
2025-03-22 23:01:45,233 [WARN] PackLoader:240 - Cannot read IP mode file for STMicroelectronics.X-CUBE-BLE2.3.3.0
2025-03-22 23:01:45,254 [WARN] PackLoader:240 - Cannot read IP mode file for STMicroelectronics.X-CUBE-NFC9.1.0.0
2025-03-22 23:01:45,275 [WARN] PackLoader:240 - Cannot read IP mode file for STMicroelectronics.X-CUBE-BLE1.7.1.0
2025-03-22 23:01:45,294 [WARN] PackLoader:240 - Cannot read IP mode file for wolfSSL.I-CUBE-wolfMQTT.1.19.2
2025-03-22 23:01:45,567 [WARN] PackLoader:240 - Cannot read IP mode file for STMicroelectronics.X-CUBE-AZRTOS-G0.1.1.0
2025-03-22 23:01:45,593 [WARN] PackLoader:240 - Cannot read IP mode file for STMicroelectronics.X-CUBE-SAFEA1.1.2.2
2025-03-22 23:01:45,620 [WARN] PackLoader:240 - Cannot read IP mode file for STMicroelectronics.X-CUBE-NFC4.3.0.0
2025-03-22 23:01:45,648 [WARN] PackLoader:240 - Cannot read IP mode file for EmbeddedOffice.I-CUBE-FS-RTOS.1.0.1
2025-03-22 23:01:45,665 [WARN] PackLoader:240 - Cannot read IP mode file for wolfSSL.I-CUBE-wolfTPM.3.8.0
2025-03-22 23:01:45,686 [WARN] PackLoader:240 - Cannot read IP mode file for STMicroelectronics.X-CUBE-TCPP.4.2.0
2025-03-22 23:01:45,705 [WARN] PackLoader:240 - Cannot read IP mode file for RealThread.X-CUBE-RT-Thread_Nano.4.1.1
2025-03-22 23:01:45,725 [WARN] PackLoader:240 - Cannot read IP mode file for STMicroelectronics.FP-ATR-SIGFOX1.3.2.0
2025-03-22 23:01:45,746 [WARN] ConditionMgr:438 - getConditionDescription Invalid condition id : Cortex-A Device cause : null
2025-03-22 23:01:45,776 [WARN] ConditionMgr:1044 - genDependencies : Invalid condition id : Cortex-A Device cause : null
2025-03-22 23:01:45,776 [WARN] ConditionMgr:1044 - genDependencies : Invalid condition id : Cortex-A Device cause : null
2025-03-22 23:01:45,777 [WARN] ConditionMgr:1044 - genDependencies : Invalid condition id : Cortex-A Device cause : null
2025-03-22 23:01:45,799 [WARN] PackLoader:240 - Cannot read IP mode file for STMicroelectronics.X-CUBE-EEPRMA1.5.1.0
2025-03-22 23:01:45,819 [WARN] PackLoader:240 - Cannot read IP mode file for wolfSSL.I-CUBE-wolfSSL.5.7.4
2025-03-22 23:01:45,837 [WARN] PackLoader:240 - Cannot read IP mode file for wolfSSL.I-CUBE-wolfSSL.5.7.6
2025-03-22 23:01:45,860 [WARN] PackLoader:240 - Cannot read IP mode file for ITTIA_DB.I-CUBE-ITTIADB.8.9.0
2025-03-22 23:01:45,896 [WARN] PackLoader:240 - Cannot read IP mode file for SEGGER.I-CUBE-embOS.1.3.1
2025-03-22 23:01:45,937 [WARN] PackLoader:240 - Cannot read IP mode file for STMicroelectronics.X-CUBE-ALGOBUILD.1.4.0
2025-03-22 23:01:45,958 [WARN] PackLoader:240 - Cannot read IP mode file for STMicroelectronics.X-CUBE-AI.9.1.0
2025-03-22 23:01:46,004 [WARN] PackLoader:240 - Cannot read IP mode file for STMicroelectronics.X-CUBE-AZRTOS-F4.1.1.0
2025-03-22 23:01:46,031 [WARN] PackLoader:240 - Cannot read IP mode file for STMicroelectronics.X-CUBE-ISPU.2.1.0
2025-03-22 23:01:46,073 [WARN] PackLoader:240 - Cannot read IP mode file for STMicroelectronics.X-CUBE-AZRTOS-L5.2.0.0
2025-03-22 23:01:46,097 [WARN] PackLoader:240 - Cannot read IP mode file for STMicroelectronics.X-CUBE-NFC6.3.1.0
2025-03-22 23:01:46,121 [WARN] PackLoader:240 - Cannot read IP mode file for STMicroelectronics.X-CUBE-DPower.1.2.0
2025-03-22 23:01:46,140 [WARN] PackLoader:240 - Cannot read IP mode file for STMicroelectronics.X-CUBE-FREERTOS.1.3.0
2025-03-22 23:01:46,164 [WARN] PackLoader:240 - Cannot read IP mode file for STMicroelectronics.X-CUBE-NFC7.1.0.1
2025-03-22 23:01:46,219 [WARN] ConditionMgr:438 - getConditionDescription Invalid condition id : LAN8742 Phy interface Condition cause : null
2025-03-22 23:01:46,220 [WARN] PackLoader:240 - Cannot read IP mode file for STMicroelectronics.X-CUBE-AZRTOS-L4.2.0.0
2025-03-22 23:01:46,222 [WARN] ConditionMgr:1044 - genDependencies : Invalid condition id : LAN8742 Phy interface Condition cause : null
2025-03-22 23:01:46,223 [WARN] ConditionMgr:1044 - genDependencies : Invalid condition id : LAN8742 Phy interface Condition cause : null
2025-03-22 23:01:46,224 [WARN] ConditionMgr:1044 - genDependencies : Invalid condition id : LAN8742 Phy interface Condition cause : null
2025-03-22 23:01:46,256 [WARN] PackLoader:240 - Cannot read IP mode file for STMicroelectronics.X-CUBE-SFXS2LP1.4.0.0
2025-03-22 23:01:46,308 [WARN] PackLoader:240 - Cannot read IP mode file for STMicroelectronics.X-CUBE-AZRTOS-H7.3.3.0
2025-03-22 23:01:46,349 [WARN] PackLoader:240 - Cannot read IP mode file for STMicroelectronics.X-CUBE-IPS.3.0.0
2025-03-22 23:01:46,398 [WARN] ConditionMgr:438 - getConditionDescription Invalid condition id : UX DEVICE CLASS RTOS Condition cause : null
2025-03-22 23:01:46,398 [WARN] ConditionMgr:438 - getConditionDescription Invalid condition id : UX DEVICE CLASS RTOS Condition cause : null
2025-03-22 23:01:46,402 [WARN] PackLoader:240 - Cannot read IP mode file for STMicroelectronics.X-CUBE-AZRTOS-WB.2.0.0
2025-03-22 23:01:46,403 [WARN] ConditionMgr:1044 - genDependencies : Invalid condition id : UX DEVICE CLASS RTOS Condition cause : null
2025-03-22 23:01:46,403 [WARN] ConditionMgr:1044 - genDependencies : Invalid condition id : UX DEVICE CLASS RTOS Condition cause : null
2025-03-22 23:01:46,404 [WARN] ConditionMgr:1044 - genDependencies : Invalid condition id : UX DEVICE CLASS RTOS Condition cause : null
2025-03-22 23:01:46,404 [WARN] ConditionMgr:1044 - genDependencies : Invalid condition id : UX DEVICE CLASS RTOS Condition cause : null
2025-03-22 23:01:46,404 [WARN] ConditionMgr:1044 - genDependencies : Invalid condition id : UX DEVICE CLASS RTOS Condition cause : null
2025-03-22 23:01:46,426 [INFO] WebApp:449 - Apply proxy settings
2025-03-22 23:01:46,426 [INFO] WebApp:534 - Chromium requires no authentication
2025-03-22 23:01:46,432 [WARN] PackLoader:240 - Cannot read IP mode file for STMicroelectronics.X-CUBE-GNSS1.7.0.1
2025-03-22 23:01:46,447 [INFO] WebApp:477 - Direct internet connection detected
2025-03-22 23:01:46,458 [WARN] PackLoader:240 - Cannot read IP mode file for STMicroelectronics.X-CUBE-TOUCHGFX.4.25.0
2025-03-22 23:01:46,491 [WARN] PackLoader:240 - Cannot read IP mode file for STMicroelectronics.FP-SNS-STBOX1.2.0.0
2025-03-22 23:01:46,521 [INFO] WebApp:880 - Register for checkConnection events
2025-03-22 23:01:46,521 [INFO] WebApp:449 - Apply proxy settings
2025-03-22 23:01:46,521 [INFO] WebApp:534 - Chromium requires no authentication
2025-03-22 23:01:46,522 [INFO] WebApp:477 - Direct internet connection detected
2025-03-22 23:01:46,523 [WARN] PackLoader:240 - Cannot read IP mode file for STMicroelectronics.X-CUBE-SUBG2.5.0.0
2025-03-22 23:01:46,566 [WARN] PackLoader:240 - Cannot read IP mode file for STMicroelectronics.X-CUBE-AZRTOS-H7RS.1.1.0
2025-03-22 23:01:46,593 [WARN] PackLoader:240 - Cannot read IP mode file for Cesanta.I-CUBE-Mongoose.7.13.0
2025-03-22 23:01:46,632 [WARN] PackLoader:240 - Cannot read IP mode file for STMicroelectronics.X-CUBE-AZRTOS-G4.2.0.0
2025-03-22 23:01:46,654 [WARN] PackLoader:240 - Cannot read IP mode file for wolfSSL.I-CUBE-wolfSSH.1.4.20
2025-03-22 23:01:46,681 [WARN] PackLoader:240 - Cannot read IP mode file for STMicroelectronics.X-CUBE-IPS.3.1.0
2025-03-22 23:01:46,706 [WARN] PackLoader:240 - Cannot read IP mode file for STMicroelectronics.X-CUBE-ALS.1.0.2
2025-03-22 23:01:46,725 [WARN] PackLoader:240 - Cannot read IP mode file for STMicroelectronics.X-CUBE-TOUCHGFX.4.24.2
2025-03-22 23:01:46,747 [WARN] PackLoader:240 - Cannot read IP mode file for STMicroelectronics.X-CUBE-TOUCHGFX.4.24.1
2025-03-22 23:01:46,763 [WARN] PackLoader:240 - Cannot read IP mode file for wolfSSL.I-CUBE-wolfTPM.3.4.0
2025-03-22 23:01:46,783 [WARN] PackLoader:240 - Cannot read IP mode file for portGmbH.I-Cube-SoM-uGOAL.1.1.0
2025-03-22 23:01:46,826 [WARN] PackLoader:240 - Cannot read IP mode file for STMicroelectronics.X-CUBE-AZRTOS-H7RS.1.0.0
2025-03-22 23:01:46,857 [INFO] WebApp:187 - Connection restablished
2025-03-22 23:01:46,861 [WARN] PackLoader:240 - Cannot read IP mode file for STMicroelectronics.X-CUBE-TOF1.3.4.2
2025-03-22 23:01:46,892 [WARN] PackLoader:240 - Cannot read IP mode file for wolfSSL.I-CUBE-wolfSSH.1.4.17
2025-03-22 23:01:46,894 [INFO] ThirdParty:978 - Integrity check success = true
2025-03-22 23:01:46,894 [INFO] IntegrityCheckThread:100 - exiting critical section [integrity check]
2025-03-22 23:01:46,894 [INFO] IntegrityCheckThread:103 - End integrity checks thread
2025-03-22 23:01:46,947 [INFO] WebApp:221 - Starting web application
2025-03-22 23:01:46,947 [INFO] WebApp:579 - Web application path used D:\ST\STM32CubeIDE_1.17.0\STM32CubeIDE\plugins\com.st.stm32cube.common.mx_6.13.0.202411220809\db\plugins\mcufinder\reactClient1\index.html
2025-03-22 23:01:47,184 [INFO] UserAuth:486 - Internet connection configuration mode: 1
2025-03-22 23:01:47,455 [ERROR] LogOutputStream:75 - [STDERR_REDIRECT] [Fatal Error] :1:1: Premature end of file.
2025-03-22 23:01:47,455 [ERROR] LogOutputStream:75 - [STDERR_REDIRECT] 
2025-03-22 23:01:48,290 [ERROR] LogOutputStream:75 - [STDERR_REDIRECT] [Fatal Error] :1:1: Premature end of file.
2025-03-22 23:01:48,290 [ERROR] LogOutputStream:75 - [STDERR_REDIRECT] 
2025-03-22 23:01:49,293 [ERROR] LogOutputStream:75 - [STDERR_REDIRECT] [Fatal Error] :1:1: Premature end of file.
2025-03-22 23:01:49,293 [ERROR] LogOutputStream:75 - [STDERR_REDIRECT] 
2025-03-22 23:01:50,294 [ERROR] LogOutputStream:75 - [STDERR_REDIRECT] [Fatal Error] :1:1: Premature end of file.
2025-03-22 23:01:50,294 [ERROR] LogOutputStream:75 - [STDERR_REDIRECT] 
2025-03-22 23:01:51,284 [ERROR] LogOutputStream:75 - [STDERR_REDIRECT] [Fatal Error] :1:1: Premature end of file.
2025-03-22 23:01:51,284 [ERROR] LogOutputStream:75 - [STDERR_REDIRECT] 
2025-03-22 23:01:52,290 [ERROR] LogOutputStream:75 - [STDERR_REDIRECT] [Fatal Error] :1:1: Premature end of file.
2025-03-22 23:01:52,290 [ERROR] LogOutputStream:75 - [STDERR_REDIRECT] 
2025-03-22 23:01:53,294 [ERROR] LogOutputStream:75 - [STDERR_REDIRECT] [Fatal Error] :1:1: Premature end of file.
2025-03-22 23:01:53,295 [ERROR] LogOutputStream:75 - [STDERR_REDIRECT] 
2025-03-22 23:01:54,301 [ERROR] LogOutputStream:75 - [STDERR_REDIRECT] [Fatal Error] :1:1: Premature end of file.
2025-03-22 23:01:54,302 [ERROR] LogOutputStream:75 - [STDERR_REDIRECT] 
2025-03-22 23:01:55,297 [ERROR] LogOutputStream:75 - [STDERR_REDIRECT] [Fatal Error] :1:1: Premature end of file.
2025-03-22 23:01:55,298 [ERROR] LogOutputStream:75 - [STDERR_REDIRECT] 
2025-03-22 23:01:56,298 [ERROR] LogOutputStream:75 - [STDERR_REDIRECT] [Fatal Error] :1:1: Premature end of file.
2025-03-22 23:01:56,300 [ERROR] LogOutputStream:75 - [STDERR_REDIRECT] 
2025-03-22 23:01:57,300 [ERROR] LogOutputStream:75 - [STDERR_REDIRECT] [Fatal Error] :1:1: Premature end of file.
2025-03-22 23:01:57,301 [ERROR] LogOutputStream:75 - [STDERR_REDIRECT] 
2025-03-22 23:01:58,298 [ERROR] LogOutputStream:75 - [STDERR_REDIRECT] [Fatal Error] :1:1: Premature end of file.
2025-03-22 23:01:58,298 [ERROR] LogOutputStream:75 - [STDERR_REDIRECT] 
2025-03-22 23:01:59,295 [ERROR] LogOutputStream:75 - [STDERR_REDIRECT] [Fatal Error] :1:1: Premature end of file.
2025-03-22 23:01:59,297 [ERROR] LogOutputStream:75 - [STDERR_REDIRECT] 
2025-03-22 23:02:00,299 [ERROR] LogOutputStream:75 - [STDERR_REDIRECT] [Fatal Error] :1:1: Premature end of file.
2025-03-22 23:02:00,300 [ERROR] LogOutputStream:75 - [STDERR_REDIRECT] 
2025-03-22 23:02:01,299 [ERROR] LogOutputStream:75 - [STDERR_REDIRECT] [Fatal Error] :1:1: Premature end of file.
2025-03-22 23:02:01,299 [ERROR] LogOutputStream:75 - [STDERR_REDIRECT] 
2025-03-22 23:02:02,298 [ERROR] LogOutputStream:75 - [STDERR_REDIRECT] [Fatal Error] :1:1: Premature end of file.
2025-03-22 23:02:02,299 [ERROR] LogOutputStream:75 - [STDERR_REDIRECT] 
2025-03-22 23:02:03,299 [ERROR] LogOutputStream:75 - [STDERR_REDIRECT] [Fatal Error] :1:1: Premature end of file.
2025-03-22 23:02:03,300 [ERROR] LogOutputStream:75 - [STDERR_REDIRECT] 
2025-03-22 23:02:04,300 [ERROR] LogOutputStream:75 - [STDERR_REDIRECT] [Fatal Error] :1:1: Premature end of file.
2025-03-22 23:02:04,300 [ERROR] LogOutputStream:75 - [STDERR_REDIRECT] 
2025-03-22 23:02:05,302 [ERROR] LogOutputStream:75 - [STDERR_REDIRECT] [Fatal Error] :1:1: Premature end of file.
2025-03-22 23:02:05,303 [ERROR] LogOutputStream:75 - [STDERR_REDIRECT] 
2025-03-22 23:02:06,304 [ERROR] LogOutputStream:75 - [STDERR_REDIRECT] [Fatal Error] :1:1: Premature end of file.
2025-03-22 23:02:06,304 [ERROR] LogOutputStream:75 - [STDERR_REDIRECT] 
2025-03-22 23:02:07,299 [ERROR] LogOutputStream:75 - [STDERR_REDIRECT] [Fatal Error] :1:1: Premature end of file.
2025-03-22 23:02:07,299 [ERROR] LogOutputStream:75 - [STDERR_REDIRECT] 
2025-03-22 23:02:08,291 [ERROR] LogOutputStream:75 - [STDERR_REDIRECT] [Fatal Error] :1:1: Premature end of file.
2025-03-22 23:02:08,291 [ERROR] LogOutputStream:75 - [STDERR_REDIRECT] 
2025-03-22 23:02:09,290 [ERROR] LogOutputStream:75 - [STDERR_REDIRECT] [Fatal Error] :1:1: Premature end of file.
2025-03-22 23:02:09,290 [ERROR] LogOutputStream:75 - [STDERR_REDIRECT] 
2025-03-22 23:02:10,299 [ERROR] LogOutputStream:75 - [STDERR_REDIRECT] [Fatal Error] :1:1: Premature end of file.
2025-03-22 23:02:10,300 [ERROR] LogOutputStream:75 - [STDERR_REDIRECT] 
2025-03-22 23:02:11,298 [ERROR] LogOutputStream:75 - [STDERR_REDIRECT] [Fatal Error] :1:1: Premature end of file.
2025-03-22 23:02:11,298 [ERROR] LogOutputStream:75 - [STDERR_REDIRECT] 
2025-03-22 23:02:12,298 [ERROR] LogOutputStream:75 - [STDERR_REDIRECT] [Fatal Error] :1:1: Premature end of file.
2025-03-22 23:02:12,299 [ERROR] LogOutputStream:75 - [STDERR_REDIRECT] 
2025-03-22 23:02:13,299 [ERROR] LogOutputStream:75 - [STDERR_REDIRECT] [Fatal Error] :1:1: Premature end of file.
2025-03-22 23:02:13,300 [ERROR] LogOutputStream:75 - [STDERR_REDIRECT] 
2025-03-22 23:02:14,303 [ERROR] LogOutputStream:75 - [STDERR_REDIRECT] [Fatal Error] :1:1: Premature end of file.
2025-03-22 23:02:14,304 [ERROR] LogOutputStream:75 - [STDERR_REDIRECT] 
2025-03-22 23:02:15,298 [ERROR] LogOutputStream:75 - [STDERR_REDIRECT] [Fatal Error] :1:1: Premature end of file.
2025-03-22 23:02:15,299 [ERROR] LogOutputStream:75 - [STDERR_REDIRECT] 
2025-03-22 23:02:16,318 [ERROR] LogOutputStream:75 - [STDERR_REDIRECT] [Fatal Error] :1:1: Premature end of file.
2025-03-22 23:02:16,318 [ERROR] LogOutputStream:75 - [STDERR_REDIRECT] 
2025-03-22 23:02:17,297 [ERROR] LogOutputStream:75 - [STDERR_REDIRECT] [Fatal Error] :1:1: Premature end of file.
2025-03-22 23:02:17,297 [ERROR] LogOutputStream:75 - [STDERR_REDIRECT] 
2025-03-22 23:02:18,292 [ERROR] LogOutputStream:75 - [STDERR_REDIRECT] [Fatal Error] :1:1: Premature end of file.
2025-03-22 23:02:18,292 [ERROR] LogOutputStream:75 - [STDERR_REDIRECT] 
2025-03-22 23:02:19,281 [ERROR] LogOutputStream:75 - [STDERR_REDIRECT] [Fatal Error] :1:1: Premature end of file.
2025-03-22 23:02:19,281 [ERROR] LogOutputStream:75 - [STDERR_REDIRECT] 
2025-03-22 23:02:20,279 [ERROR] LogOutputStream:75 - [STDERR_REDIRECT] [Fatal Error] :1:1: Premature end of file.
2025-03-22 23:02:20,279 [ERROR] LogOutputStream:75 - [STDERR_REDIRECT] 
2025-03-22 23:02:21,277 [ERROR] LogOutputStream:75 - [STDERR_REDIRECT] [Fatal Error] :1:1: Premature end of file.
2025-03-22 23:02:21,277 [ERROR] LogOutputStream:75 - [STDERR_REDIRECT] 
2025-03-22 23:02:22,277 [ERROR] LogOutputStream:75 - [STDERR_REDIRECT] [Fatal Error] :1:1: Premature end of file.
2025-03-22 23:02:22,277 [ERROR] LogOutputStream:75 - [STDERR_REDIRECT] 
2025-03-22 23:02:23,278 [ERROR] LogOutputStream:75 - [STDERR_REDIRECT] [Fatal Error] :1:1: Premature end of file.
2025-03-22 23:02:23,278 [ERROR] LogOutputStream:75 - [STDERR_REDIRECT] 
2025-03-22 23:02:24,276 [ERROR] LogOutputStream:75 - [STDERR_REDIRECT] [Fatal Error] :1:1: Premature end of file.
2025-03-22 23:02:24,276 [ERROR] LogOutputStream:75 - [STDERR_REDIRECT] 
2025-03-22 23:02:25,279 [ERROR] LogOutputStream:75 - [STDERR_REDIRECT] [Fatal Error] :1:1: Premature end of file.
2025-03-22 23:02:25,279 [ERROR] LogOutputStream:75 - [STDERR_REDIRECT] 
2025-03-22 23:02:26,277 [ERROR] LogOutputStream:75 - [STDERR_REDIRECT] [Fatal Error] :1:1: Premature end of file.
2025-03-22 23:02:26,277 [ERROR] LogOutputStream:75 - [STDERR_REDIRECT] 
2025-03-22 23:02:27,277 [ERROR] LogOutputStream:75 - [STDERR_REDIRECT] [Fatal Error] :1:1: Premature end of file.
2025-03-22 23:02:27,277 [ERROR] LogOutputStream:75 - [STDERR_REDIRECT] 
2025-03-22 23:02:28,277 [ERROR] LogOutputStream:75 - [STDERR_REDIRECT] [Fatal Error] :1:1: Premature end of file.
2025-03-22 23:02:28,278 [ERROR] LogOutputStream:75 - [STDERR_REDIRECT] 
2025-03-22 23:02:29,277 [ERROR] LogOutputStream:75 - [STDERR_REDIRECT] [Fatal Error] :1:1: Premature end of file.
2025-03-22 23:02:29,277 [ERROR] LogOutputStream:75 - [STDERR_REDIRECT] 
2025-03-22 23:02:30,276 [ERROR] LogOutputStream:75 - [STDERR_REDIRECT] [Fatal Error] :1:1: Premature end of file.
2025-03-22 23:02:30,276 [ERROR] LogOutputStream:75 - [STDERR_REDIRECT] 
2025-03-22 23:02:31,278 [ERROR] LogOutputStream:75 - [STDERR_REDIRECT] [Fatal Error] :1:1: Premature end of file.
2025-03-22 23:02:31,278 [ERROR] LogOutputStream:75 - [STDERR_REDIRECT] 
2025-03-22 23:02:32,276 [ERROR] LogOutputStream:75 - [STDERR_REDIRECT] [Fatal Error] :1:1: Premature end of file.
2025-03-22 23:02:32,277 [ERROR] LogOutputStream:75 - [STDERR_REDIRECT] 
2025-03-22 23:02:33,277 [ERROR] LogOutputStream:75 - [STDERR_REDIRECT] [Fatal Error] :1:1: Premature end of file.
2025-03-22 23:02:33,277 [ERROR] LogOutputStream:75 - [STDERR_REDIRECT] 
2025-03-22 23:02:34,277 [ERROR] LogOutputStream:75 - [STDERR_REDIRECT] [Fatal Error] :1:1: Premature end of file.
2025-03-22 23:02:34,277 [ERROR] LogOutputStream:75 - [STDERR_REDIRECT] 
2025-03-22 23:02:35,280 [ERROR] LogOutputStream:75 - [STDERR_REDIRECT] [Fatal Error] :1:1: Premature end of file.
2025-03-22 23:02:35,280 [ERROR] LogOutputStream:75 - [STDERR_REDIRECT] 
2025-03-22 23:02:36,277 [ERROR] LogOutputStream:75 - [STDERR_REDIRECT] [Fatal Error] :1:1: Premature end of file.
2025-03-22 23:02:36,277 [ERROR] LogOutputStream:75 - [STDERR_REDIRECT] 
2025-03-22 23:02:37,279 [ERROR] LogOutputStream:75 - [STDERR_REDIRECT] [Fatal Error] :1:1: Premature end of file.
2025-03-22 23:02:37,279 [ERROR] LogOutputStream:75 - [STDERR_REDIRECT] 
2025-03-22 23:02:38,280 [ERROR] LogOutputStream:75 - [STDERR_REDIRECT] [Fatal Error] :1:1: Premature end of file.
2025-03-22 23:02:38,280 [ERROR] LogOutputStream:75 - [STDERR_REDIRECT] 
2025-03-22 23:02:39,280 [ERROR] LogOutputStream:75 - [STDERR_REDIRECT] [Fatal Error] :1:1: Premature end of file.
2025-03-22 23:02:39,280 [ERROR] LogOutputStream:75 - [STDERR_REDIRECT] 
2025-03-22 23:02:40,278 [ERROR] LogOutputStream:75 - [STDERR_REDIRECT] [Fatal Error] :1:1: Premature end of file.
2025-03-22 23:02:40,278 [ERROR] LogOutputStream:75 - [STDERR_REDIRECT] 
2025-03-22 23:02:41,278 [ERROR] LogOutputStream:75 - [STDERR_REDIRECT] [Fatal Error] :1:1: Premature end of file.
2025-03-22 23:02:41,279 [ERROR] LogOutputStream:75 - [STDERR_REDIRECT] 
2025-03-22 23:02:42,280 [ERROR] LogOutputStream:75 - [STDERR_REDIRECT] [Fatal Error] :1:1: Premature end of file.
2025-03-22 23:02:42,280 [ERROR] LogOutputStream:75 - [STDERR_REDIRECT] 
2025-03-22 23:02:43,277 [ERROR] LogOutputStream:75 - [STDERR_REDIRECT] [Fatal Error] :1:1: Premature end of file.
2025-03-22 23:02:43,277 [ERROR] LogOutputStream:75 - [STDERR_REDIRECT] 
2025-03-22 23:02:44,271 [ERROR] LogOutputStream:75 - [STDERR_REDIRECT] [Fatal Error] :1:1: Premature end of file.
2025-03-22 23:02:44,271 [ERROR] LogOutputStream:75 - [STDERR_REDIRECT] 
2025-03-22 23:02:45,282 [ERROR] LogOutputStream:75 - [STDERR_REDIRECT] [Fatal Error] :1:1: Premature end of file.
2025-03-22 23:02:45,282 [ERROR] LogOutputStream:75 - [STDERR_REDIRECT] 
2025-03-22 23:02:46,287 [ERROR] LogOutputStream:75 - [STDERR_REDIRECT] [Fatal Error] :1:1: Premature end of file.
2025-03-22 23:02:46,287 [ERROR] LogOutputStream:75 - [STDERR_REDIRECT] 
2025-03-22 23:02:47,287 [ERROR] LogOutputStream:75 - [STDERR_REDIRECT] [Fatal Error] :1:1: Premature end of file.
2025-03-22 23:02:47,287 [ERROR] LogOutputStream:75 - [STDERR_REDIRECT] 
2025-03-22 23:02:48,292 [ERROR] LogOutputStream:75 - [STDERR_REDIRECT] [Fatal Error] :1:1: Premature end of file.
2025-03-22 23:02:48,292 [ERROR] LogOutputStream:75 - [STDERR_REDIRECT] 
2025-03-22 23:02:49,282 [ERROR] LogOutputStream:75 - [STDERR_REDIRECT] [Fatal Error] :1:1: Premature end of file.
2025-03-22 23:02:49,282 [ERROR] LogOutputStream:75 - [STDERR_REDIRECT] 
2025-03-22 23:02:50,285 [ERROR] LogOutputStream:75 - [STDERR_REDIRECT] [Fatal Error] :1:1: Premature end of file.
2025-03-22 23:02:50,285 [ERROR] LogOutputStream:75 - [STDERR_REDIRECT] 
2025-03-22 23:02:51,276 [ERROR] LogOutputStream:75 - [STDERR_REDIRECT] [Fatal Error] :1:1: Premature end of file.
2025-03-22 23:02:51,276 [ERROR] LogOutputStream:75 - [STDERR_REDIRECT] 
2025-03-22 23:02:52,273 [ERROR] LogOutputStream:75 - [STDERR_REDIRECT] [Fatal Error] :1:1: Premature end of file.
2025-03-22 23:02:52,273 [ERROR] LogOutputStream:75 - [STDERR_REDIRECT] 
2025-03-22 23:02:53,279 [ERROR] LogOutputStream:75 - [STDERR_REDIRECT] [Fatal Error] :1:1: Premature end of file.
2025-03-22 23:02:53,279 [ERROR] LogOutputStream:75 - [STDERR_REDIRECT] 
2025-03-22 23:02:54,284 [ERROR] LogOutputStream:75 - [STDERR_REDIRECT] [Fatal Error] :1:1: Premature end of file.
2025-03-22 23:02:54,284 [ERROR] LogOutputStream:75 - [STDERR_REDIRECT] 
2025-03-22 23:02:55,290 [ERROR] LogOutputStream:75 - [STDERR_REDIRECT] [Fatal Error] :1:1: Premature end of file.
2025-03-22 23:02:55,290 [ERROR] LogOutputStream:75 - [STDERR_REDIRECT] 
2025-03-22 23:02:56,291 [ERROR] LogOutputStream:75 - [STDERR_REDIRECT] [Fatal Error] :1:1: Premature end of file.
2025-03-22 23:02:56,291 [ERROR] LogOutputStream:75 - [STDERR_REDIRECT] 
2025-03-22 23:02:57,281 [ERROR] LogOutputStream:75 - [STDERR_REDIRECT] [Fatal Error] :1:1: Premature end of file.
2025-03-22 23:02:57,281 [ERROR] LogOutputStream:75 - [STDERR_REDIRECT] 
2025-03-22 23:02:58,283 [ERROR] LogOutputStream:75 - [STDERR_REDIRECT] [Fatal Error] :1:1: Premature end of file.
2025-03-22 23:02:58,283 [ERROR] LogOutputStream:75 - [STDERR_REDIRECT] 
2025-03-22 23:02:59,283 [ERROR] LogOutputStream:75 - [STDERR_REDIRECT] [Fatal Error] :1:1: Premature end of file.
2025-03-22 23:02:59,283 [ERROR] LogOutputStream:75 - [STDERR_REDIRECT] 
2025-03-22 23:03:00,279 [ERROR] LogOutputStream:75 - [STDERR_REDIRECT] [Fatal Error] :1:1: Premature end of file.
2025-03-22 23:03:00,279 [ERROR] LogOutputStream:75 - [STDERR_REDIRECT] 
2025-03-22 23:03:01,286 [ERROR] LogOutputStream:75 - [STDERR_REDIRECT] [Fatal Error] :1:1: Premature end of file.
2025-03-22 23:03:01,286 [ERROR] LogOutputStream:75 - [STDERR_REDIRECT] 
2025-03-22 23:03:02,289 [ERROR] LogOutputStream:75 - [STDERR_REDIRECT] [Fatal Error] :1:1: Premature end of file.
2025-03-22 23:03:02,289 [ERROR] LogOutputStream:75 - [STDERR_REDIRECT] 
2025-03-22 23:03:03,287 [ERROR] LogOutputStream:75 - [STDERR_REDIRECT] [Fatal Error] :1:1: Premature end of file.
2025-03-22 23:03:03,288 [ERROR] LogOutputStream:75 - [STDERR_REDIRECT] 
2025-03-22 23:03:04,286 [ERROR] LogOutputStream:75 - [STDERR_REDIRECT] [Fatal Error] :1:1: Premature end of file.
2025-03-22 23:03:04,286 [ERROR] LogOutputStream:75 - [STDERR_REDIRECT] 
2025-03-22 23:03:05,287 [ERROR] LogOutputStream:75 - [STDERR_REDIRECT] [Fatal Error] :1:1: Premature end of file.
2025-03-22 23:03:05,287 [ERROR] LogOutputStream:75 - [STDERR_REDIRECT] 
2025-03-22 23:03:06,281 [ERROR] LogOutputStream:75 - [STDERR_REDIRECT] [Fatal Error] :1:1: Premature end of file.
2025-03-22 23:03:06,281 [ERROR] LogOutputStream:75 - [STDERR_REDIRECT] 
2025-03-22 23:03:07,283 [ERROR] LogOutputStream:75 - [STDERR_REDIRECT] [Fatal Error] :1:1: Premature end of file.
2025-03-22 23:03:07,283 [ERROR] LogOutputStream:75 - [STDERR_REDIRECT] 
2025-03-22 23:03:08,284 [ERROR] LogOutputStream:75 - [STDERR_REDIRECT] [Fatal Error] :1:1: Premature end of file.
2025-03-22 23:03:08,284 [ERROR] LogOutputStream:75 - [STDERR_REDIRECT] 
2025-03-22 23:03:09,287 [ERROR] LogOutputStream:75 - [STDERR_REDIRECT] [Fatal Error] :1:1: Premature end of file.
2025-03-22 23:03:09,287 [ERROR] LogOutputStream:75 - [STDERR_REDIRECT] 
2025-03-22 23:03:10,287 [ERROR] LogOutputStream:75 - [STDERR_REDIRECT] [Fatal Error] :1:1: Premature end of file.
2025-03-22 23:03:10,287 [ERROR] LogOutputStream:75 - [STDERR_REDIRECT] 
2025-03-22 23:03:11,277 [ERROR] LogOutputStream:75 - [STDERR_REDIRECT] [Fatal Error] :1:1: Premature end of file.
2025-03-22 23:03:11,277 [ERROR] LogOutputStream:75 - [STDERR_REDIRECT] 
2025-03-22 23:03:12,289 [ERROR] LogOutputStream:75 - [STDERR_REDIRECT] [Fatal Error] :1:1: Premature end of file.
2025-03-22 23:03:12,289 [ERROR] LogOutputStream:75 - [STDERR_REDIRECT] 
2025-03-22 23:03:13,279 [ERROR] LogOutputStream:75 - [STDERR_REDIRECT] [Fatal Error] :1:1: Premature end of file.
2025-03-22 23:03:13,279 [ERROR] LogOutputStream:75 - [STDERR_REDIRECT] 
2025-03-22 23:03:14,282 [ERROR] LogOutputStream:75 - [STDERR_REDIRECT] [Fatal Error] :1:1: Premature end of file.
2025-03-22 23:03:14,282 [ERROR] LogOutputStream:75 - [STDERR_REDIRECT] 
2025-03-22 23:03:15,279 [ERROR] LogOutputStream:75 - [STDERR_REDIRECT] [Fatal Error] :1:1: Premature end of file.
2025-03-22 23:03:15,279 [ERROR] LogOutputStream:75 - [STDERR_REDIRECT] 
2025-03-22 23:03:16,280 [ERROR] LogOutputStream:75 - [STDERR_REDIRECT] [Fatal Error] :1:1: Premature end of file.
2025-03-22 23:03:16,280 [ERROR] LogOutputStream:75 - [STDERR_REDIRECT] 
2025-03-22 23:03:17,289 [ERROR] LogOutputStream:75 - [STDERR_REDIRECT] [Fatal Error] :1:1: Premature end of file.
2025-03-22 23:03:17,289 [ERROR] LogOutputStream:75 - [STDERR_REDIRECT] 
2025-03-22 23:03:18,287 [ERROR] LogOutputStream:75 - [STDERR_REDIRECT] [Fatal Error] :1:1: Premature end of file.
2025-03-22 23:03:18,287 [ERROR] LogOutputStream:75 - [STDERR_REDIRECT] 
2025-03-22 23:03:19,282 [ERROR] LogOutputStream:75 - [STDERR_REDIRECT] [Fatal Error] :1:1: Premature end of file.
2025-03-22 23:03:19,282 [ERROR] LogOutputStream:75 - [STDERR_REDIRECT] 
2025-03-22 23:03:20,285 [ERROR] LogOutputStream:75 - [STDERR_REDIRECT] [Fatal Error] :1:1: Premature end of file.
2025-03-22 23:03:20,285 [ERROR] LogOutputStream:75 - [STDERR_REDIRECT] 
2025-03-22 23:03:21,296 [ERROR] LogOutputStream:75 - [STDERR_REDIRECT] [Fatal Error] :1:1: Premature end of file.
2025-03-22 23:03:21,296 [ERROR] LogOutputStream:75 - [STDERR_REDIRECT] 
2025-03-22 23:03:22,285 [ERROR] LogOutputStream:75 - [STDERR_REDIRECT] [Fatal Error] :1:1: Premature end of file.
2025-03-22 23:03:22,285 [ERROR] LogOutputStream:75 - [STDERR_REDIRECT] 
2025-03-22 23:03:23,277 [ERROR] LogOutputStream:75 - [STDERR_REDIRECT] [Fatal Error] :1:1: Premature end of file.
2025-03-22 23:03:23,277 [ERROR] LogOutputStream:75 - [STDERR_REDIRECT] 
2025-03-22 23:03:24,292 [ERROR] LogOutputStream:75 - [STDERR_REDIRECT] [Fatal Error] :1:1: Premature end of file.
2025-03-22 23:03:24,293 [ERROR] LogOutputStream:75 - [STDERR_REDIRECT] 
2025-03-22 23:03:25,289 [ERROR] LogOutputStream:75 - [STDERR_REDIRECT] [Fatal Error] :1:1: Premature end of file.
2025-03-22 23:03:25,289 [ERROR] LogOutputStream:75 - [STDERR_REDIRECT] 
2025-03-22 23:03:26,284 [ERROR] LogOutputStream:75 - [STDERR_REDIRECT] [Fatal Error] :1:1: Premature end of file.
2025-03-22 23:03:26,286 [ERROR] LogOutputStream:75 - [STDERR_REDIRECT] 
2025-03-22 23:03:27,283 [ERROR] LogOutputStream:75 - [STDERR_REDIRECT] [Fatal Error] :1:1: Premature end of file.
2025-03-22 23:03:27,283 [ERROR] LogOutputStream:75 - [STDERR_REDIRECT] 
2025-03-22 23:03:28,280 [ERROR] LogOutputStream:75 - [STDERR_REDIRECT] [Fatal Error] :1:1: Premature end of file.
2025-03-22 23:03:28,284 [ERROR] LogOutputStream:75 - [STDERR_REDIRECT] 
2025-03-22 23:03:29,278 [ERROR] LogOutputStream:75 - [STDERR_REDIRECT] [Fatal Error] :1:1: Premature end of file.
2025-03-22 23:03:29,278 [ERROR] LogOutputStream:75 - [STDERR_REDIRECT] 
2025-03-22 23:03:30,282 [ERROR] LogOutputStream:75 - [STDERR_REDIRECT] [Fatal Error] :1:1: Premature end of file.
2025-03-22 23:03:30,282 [ERROR] LogOutputStream:75 - [STDERR_REDIRECT] 
2025-03-22 23:03:31,274 [ERROR] LogOutputStream:75 - [STDERR_REDIRECT] [Fatal Error] :1:1: Premature end of file.
2025-03-22 23:03:31,274 [ERROR] LogOutputStream:75 - [STDERR_REDIRECT] 
2025-03-22 23:03:32,278 [ERROR] LogOutputStream:75 - [STDERR_REDIRECT] [Fatal Error] :1:1: Premature end of file.
2025-03-22 23:03:32,278 [ERROR] LogOutputStream:75 - [STDERR_REDIRECT] 
2025-03-22 23:03:33,275 [ERROR] LogOutputStream:75 - [STDERR_REDIRECT] [Fatal Error] :1:1: Premature end of file.
2025-03-22 23:03:33,275 [ERROR] LogOutputStream:75 - [STDERR_REDIRECT] 
2025-03-22 23:03:34,291 [ERROR] LogOutputStream:75 - [STDERR_REDIRECT] [Fatal Error] :1:1: Premature end of file.
2025-03-22 23:03:34,292 [ERROR] LogOutputStream:75 - [STDERR_REDIRECT] 
2025-03-22 23:03:35,276 [ERROR] LogOutputStream:75 - [STDERR_REDIRECT] [Fatal Error] :1:1: Premature end of file.
2025-03-22 23:03:35,276 [ERROR] LogOutputStream:75 - [STDERR_REDIRECT] 
2025-03-22 23:03:36,277 [ERROR] LogOutputStream:75 - [STDERR_REDIRECT] [Fatal Error] :1:1: Premature end of file.
2025-03-22 23:03:36,277 [ERROR] LogOutputStream:75 - [STDERR_REDIRECT] 
2025-03-22 23:03:37,275 [ERROR] LogOutputStream:75 - [STDERR_REDIRECT] [Fatal Error] :1:1: Premature end of file.
2025-03-22 23:03:37,276 [ERROR] LogOutputStream:75 - [STDERR_REDIRECT] 
2025-03-22 23:03:38,277 [ERROR] LogOutputStream:75 - [STDERR_REDIRECT] [Fatal Error] :1:1: Premature end of file.
2025-03-22 23:03:38,277 [ERROR] LogOutputStream:75 - [STDERR_REDIRECT] 
2025-03-22 23:03:39,290 [ERROR] LogOutputStream:75 - [STDERR_REDIRECT] [Fatal Error] :1:1: Premature end of file.
2025-03-22 23:03:39,290 [ERROR] LogOutputStream:75 - [STDERR_REDIRECT] 
2025-03-22 23:03:40,287 [ERROR] LogOutputStream:75 - [STDERR_REDIRECT] [Fatal Error] :1:1: Premature end of file.
2025-03-22 23:03:40,287 [ERROR] LogOutputStream:75 - [STDERR_REDIRECT] 
2025-03-22 23:03:41,284 [ERROR] LogOutputStream:75 - [STDERR_REDIRECT] [Fatal Error] :1:1: Premature end of file.
2025-03-22 23:03:41,284 [ERROR] LogOutputStream:75 - [STDERR_REDIRECT] 
2025-03-22 23:03:42,284 [ERROR] LogOutputStream:75 - [STDERR_REDIRECT] [Fatal Error] :1:1: Premature end of file.
2025-03-22 23:03:42,284 [ERROR] LogOutputStream:75 - [STDERR_REDIRECT] 
2025-03-22 23:03:43,283 [ERROR] LogOutputStream:75 - [STDERR_REDIRECT] [Fatal Error] :1:1: Premature end of file.
2025-03-22 23:03:43,283 [ERROR] LogOutputStream:75 - [STDERR_REDIRECT] 
2025-03-22 23:03:44,276 [ERROR] LogOutputStream:75 - [STDERR_REDIRECT] [Fatal Error] :1:1: Premature end of file.
2025-03-22 23:03:44,276 [ERROR] LogOutputStream:75 - [STDERR_REDIRECT] 
2025-03-22 23:03:45,272 [ERROR] LogOutputStream:75 - [STDERR_REDIRECT] [Fatal Error] :1:1: Premature end of file.
2025-03-22 23:03:45,272 [ERROR] LogOutputStream:75 - [STDERR_REDIRECT] 
2025-03-22 23:03:46,287 [ERROR] LogOutputStream:75 - [STDERR_REDIRECT] [Fatal Error] :1:1: Premature end of file.
2025-03-22 23:03:46,287 [ERROR] LogOutputStream:75 - [STDERR_REDIRECT] 
2025-03-22 23:03:47,281 [ERROR] LogOutputStream:75 - [STDERR_REDIRECT] [Fatal Error] :1:1: Premature end of file.
2025-03-22 23:03:47,281 [ERROR] LogOutputStream:75 - [STDERR_REDIRECT] 
2025-03-22 23:03:48,282 [ERROR] LogOutputStream:75 - [STDERR_REDIRECT] [Fatal Error] :1:1: Premature end of file.
2025-03-22 23:03:48,282 [ERROR] LogOutputStream:75 - [STDERR_REDIRECT] 
2025-03-22 23:03:49,282 [ERROR] LogOutputStream:75 - [STDERR_REDIRECT] [Fatal Error] :1:1: Premature end of file.
2025-03-22 23:03:49,282 [ERROR] LogOutputStream:75 - [STDERR_REDIRECT] 
2025-03-22 23:03:50,287 [ERROR] LogOutputStream:75 - [STDERR_REDIRECT] [Fatal Error] :1:1: Premature end of file.
2025-03-22 23:03:50,287 [ERROR] LogOutputStream:75 - [STDERR_REDIRECT] 
2025-03-22 23:03:51,278 [ERROR] LogOutputStream:75 - [STDERR_REDIRECT] [Fatal Error] :1:1: Premature end of file.
2025-03-22 23:03:51,278 [ERROR] LogOutputStream:75 - [STDERR_REDIRECT] 
2025-03-22 23:03:52,283 [ERROR] LogOutputStream:75 - [STDERR_REDIRECT] [Fatal Error] :1:1: Premature end of file.
2025-03-22 23:03:52,283 [ERROR] LogOutputStream:75 - [STDERR_REDIRECT] 
2025-03-22 23:03:53,273 [ERROR] LogOutputStream:75 - [STDERR_REDIRECT] [Fatal Error] :1:1: Premature end of file.
2025-03-22 23:03:53,273 [ERROR] LogOutputStream:75 - [STDERR_REDIRECT] 
2025-03-22 23:03:54,289 [ERROR] LogOutputStream:75 - [STDERR_REDIRECT] [Fatal Error] :1:1: Premature end of file.
2025-03-22 23:03:54,289 [ERROR] LogOutputStream:75 - [STDERR_REDIRECT] 
2025-03-22 23:03:55,283 [ERROR] LogOutputStream:75 - [STDERR_REDIRECT] [Fatal Error] :1:1: Premature end of file.
2025-03-22 23:03:55,283 [ERROR] LogOutputStream:75 - [STDERR_REDIRECT] 
2025-03-22 23:03:56,283 [ERROR] LogOutputStream:75 - [STDERR_REDIRECT] [Fatal Error] :1:1: Premature end of file.
2025-03-22 23:03:56,283 [ERROR] LogOutputStream:75 - [STDERR_REDIRECT] 
2025-03-22 23:03:57,283 [ERROR] LogOutputStream:75 - [STDERR_REDIRECT] [Fatal Error] :1:1: Premature end of file.
2025-03-22 23:03:57,283 [ERROR] LogOutputStream:75 - [STDERR_REDIRECT] 
2025-03-22 23:03:58,285 [ERROR] LogOutputStream:75 - [STDERR_REDIRECT] [Fatal Error] :1:1: Premature end of file.
2025-03-22 23:03:58,285 [ERROR] LogOutputStream:75 - [STDERR_REDIRECT] 
2025-03-22 23:03:59,285 [ERROR] LogOutputStream:75 - [STDERR_REDIRECT] [Fatal Error] :1:1: Premature end of file.
2025-03-22 23:03:59,285 [ERROR] LogOutputStream:75 - [STDERR_REDIRECT] 
2025-03-22 23:04:00,282 [ERROR] LogOutputStream:75 - [STDERR_REDIRECT] [Fatal Error] :1:1: Premature end of file.
2025-03-22 23:04:00,282 [ERROR] LogOutputStream:75 - [STDERR_REDIRECT] 
2025-03-22 23:04:01,282 [ERROR] LogOutputStream:75 - [STDERR_REDIRECT] [Fatal Error] :1:1: Premature end of file.
2025-03-22 23:04:01,282 [ERROR] LogOutputStream:75 - [STDERR_REDIRECT] 
2025-03-22 23:04:02,284 [ERROR] LogOutputStream:75 - [STDERR_REDIRECT] [Fatal Error] :1:1: Premature end of file.
2025-03-22 23:04:02,285 [ERROR] LogOutputStream:75 - [STDERR_REDIRECT] 
2025-03-22 23:04:03,285 [ERROR] LogOutputStream:75 - [STDERR_REDIRECT] [Fatal Error] :1:1: Premature end of file.
2025-03-22 23:04:03,285 [ERROR] LogOutputStream:75 - [STDERR_REDIRECT] 
2025-03-22 23:04:04,291 [ERROR] LogOutputStream:75 - [STDERR_REDIRECT] [Fatal Error] :1:1: Premature end of file.
2025-03-22 23:04:04,292 [ERROR] LogOutputStream:75 - [STDERR_REDIRECT] 
2025-03-22 23:04:05,283 [ERROR] LogOutputStream:75 - [STDERR_REDIRECT] [Fatal Error] :1:1: Premature end of file.
2025-03-22 23:04:05,283 [ERROR] LogOutputStream:75 - [STDERR_REDIRECT] 
2025-03-22 23:04:06,278 [ERROR] LogOutputStream:75 - [STDERR_REDIRECT] [Fatal Error] :1:1: Premature end of file.
2025-03-22 23:04:06,278 [ERROR] LogOutputStream:75 - [STDERR_REDIRECT] 
2025-03-22 23:04:07,285 [ERROR] LogOutputStream:75 - [STDERR_REDIRECT] [Fatal Error] :1:1: Premature end of file.
2025-03-22 23:04:07,285 [ERROR] LogOutputStream:75 - [STDERR_REDIRECT] 
2025-03-22 23:04:08,278 [ERROR] LogOutputStream:75 - [STDERR_REDIRECT] [Fatal Error] :1:1: Premature end of file.
2025-03-22 23:04:08,278 [ERROR] LogOutputStream:75 - [STDERR_REDIRECT] 
2025-03-22 23:04:09,287 [ERROR] LogOutputStream:75 - [STDERR_REDIRECT] [Fatal Error] :1:1: Premature end of file.
2025-03-22 23:04:09,287 [ERROR] LogOutputStream:75 - [STDERR_REDIRECT] 
2025-03-22 23:04:10,288 [ERROR] LogOutputStream:75 - [STDERR_REDIRECT] [Fatal Error] :1:1: Premature end of file.
2025-03-22 23:04:10,288 [ERROR] LogOutputStream:75 - [STDERR_REDIRECT] 
2025-03-22 23:04:11,280 [ERROR] LogOutputStream:75 - [STDERR_REDIRECT] [Fatal Error] :1:1: Premature end of file.
2025-03-22 23:04:11,280 [ERROR] LogOutputStream:75 - [STDERR_REDIRECT] 
2025-03-22 23:04:12,285 [ERROR] LogOutputStream:75 - [STDERR_REDIRECT] [Fatal Error] :1:1: Premature end of file.
2025-03-22 23:04:12,286 [ERROR] LogOutputStream:75 - [STDERR_REDIRECT] 
2025-03-22 23:04:13,277 [ERROR] LogOutputStream:75 - [STDERR_REDIRECT] [Fatal Error] :1:1: Premature end of file.
2025-03-22 23:04:13,277 [ERROR] LogOutputStream:75 - [STDERR_REDIRECT] 
2025-03-22 23:04:14,286 [ERROR] LogOutputStream:75 - [STDERR_REDIRECT] [Fatal Error] :1:1: Premature end of file.
2025-03-22 23:04:14,286 [ERROR] LogOutputStream:75 - [STDERR_REDIRECT] 
2025-03-22 23:04:15,291 [ERROR] LogOutputStream:75 - [STDERR_REDIRECT] [Fatal Error] :1:1: Premature end of file.
2025-03-22 23:04:15,291 [ERROR] LogOutputStream:75 - [STDERR_REDIRECT] 
2025-03-22 23:04:16,282 [ERROR] LogOutputStream:75 - [STDERR_REDIRECT] [Fatal Error] :1:1: Premature end of file.
2025-03-22 23:04:16,282 [ERROR] LogOutputStream:75 - [STDERR_REDIRECT] 
2025-03-22 23:04:17,286 [ERROR] LogOutputStream:75 - [STDERR_REDIRECT] [Fatal Error] :1:1: Premature end of file.
2025-03-22 23:04:17,286 [ERROR] LogOutputStream:75 - [STDERR_REDIRECT] 
2025-03-22 23:04:18,280 [ERROR] LogOutputStream:75 - [STDERR_REDIRECT] [Fatal Error] :1:1: Premature end of file.
2025-03-22 23:04:18,281 [ERROR] LogOutputStream:75 - [STDERR_REDIRECT] 
2025-03-22 23:04:19,287 [ERROR] LogOutputStream:75 - [STDERR_REDIRECT] [Fatal Error] :1:1: Premature end of file.
2025-03-22 23:04:19,287 [ERROR] LogOutputStream:75 - [STDERR_REDIRECT] 
2025-03-22 23:04:20,278 [ERROR] LogOutputStream:75 - [STDERR_REDIRECT] [Fatal Error] :1:1: Premature end of file.
2025-03-22 23:04:20,278 [ERROR] LogOutputStream:75 - [STDERR_REDIRECT] 
2025-03-22 23:04:21,281 [ERROR] LogOutputStream:75 - [STDERR_REDIRECT] [Fatal Error] :1:1: Premature end of file.
2025-03-22 23:04:21,281 [ERROR] LogOutputStream:75 - [STDERR_REDIRECT] 
2025-03-22 23:04:22,288 [ERROR] LogOutputStream:75 - [STDERR_REDIRECT] [Fatal Error] :1:1: Premature end of file.
2025-03-22 23:04:22,288 [ERROR] LogOutputStream:75 - [STDERR_REDIRECT] 
2025-03-22 23:04:23,286 [ERROR] LogOutputStream:75 - [STDERR_REDIRECT] [Fatal Error] :1:1: Premature end of file.
2025-03-22 23:04:23,286 [ERROR] LogOutputStream:75 - [STDERR_REDIRECT] 
2025-03-22 23:04:24,290 [ERROR] LogOutputStream:75 - [STDERR_REDIRECT] [Fatal Error] :1:1: Premature end of file.
2025-03-22 23:04:24,291 [ERROR] LogOutputStream:75 - [STDERR_REDIRECT] 
2025-03-22 23:04:25,283 [ERROR] LogOutputStream:75 - [STDERR_REDIRECT] [Fatal Error] :1:1: Premature end of file.
2025-03-22 23:04:25,283 [ERROR] LogOutputStream:75 - [STDERR_REDIRECT] 
2025-03-22 23:04:26,275 [ERROR] LogOutputStream:75 - [STDERR_REDIRECT] [Fatal Error] :1:1: Premature end of file.
2025-03-22 23:04:26,277 [ERROR] LogOutputStream:75 - [STDERR_REDIRECT] 
2025-03-22 23:04:27,284 [ERROR] LogOutputStream:75 - [STDERR_REDIRECT] [Fatal Error] :1:1: Premature end of file.
2025-03-22 23:04:27,284 [ERROR] LogOutputStream:75 - [STDERR_REDIRECT] 
2025-03-22 23:04:28,282 [ERROR] LogOutputStream:75 - [STDERR_REDIRECT] [Fatal Error] :1:1: Premature end of file.
2025-03-22 23:04:28,282 [ERROR] LogOutputStream:75 - [STDERR_REDIRECT] 
2025-03-22 23:04:29,294 [ERROR] LogOutputStream:75 - [STDERR_REDIRECT] [Fatal Error] :1:1: Premature end of file.
2025-03-22 23:04:29,294 [ERROR] LogOutputStream:75 - [STDERR_REDIRECT] 
2025-03-22 23:04:30,283 [ERROR] LogOutputStream:75 - [STDERR_REDIRECT] [Fatal Error] :1:1: Premature end of file.
2025-03-22 23:04:30,283 [ERROR] LogOutputStream:75 - [STDERR_REDIRECT] 
2025-03-22 23:04:31,280 [ERROR] LogOutputStream:75 - [STDERR_REDIRECT] [Fatal Error] :1:1: Premature end of file.
2025-03-22 23:04:31,280 [ERROR] LogOutputStream:75 - [STDERR_REDIRECT] 
2025-03-22 23:04:32,291 [ERROR] LogOutputStream:75 - [STDERR_REDIRECT] [Fatal Error] :1:1: Premature end of file.
2025-03-22 23:04:32,291 [ERROR] LogOutputStream:75 - [STDERR_REDIRECT] 
2025-03-22 23:04:33,284 [ERROR] LogOutputStream:75 - [STDERR_REDIRECT] [Fatal Error] :1:1: Premature end of file.
2025-03-22 23:04:33,284 [ERROR] LogOutputStream:75 - [STDERR_REDIRECT] 
2025-03-22 23:04:34,279 [ERROR] LogOutputStream:75 - [STDERR_REDIRECT] [Fatal Error] :1:1: Premature end of file.
2025-03-22 23:04:34,279 [ERROR] LogOutputStream:75 - [STDERR_REDIRECT] 
2025-03-22 23:04:35,277 [ERROR] LogOutputStream:75 - [STDERR_REDIRECT] [Fatal Error] :1:1: Premature end of file.
2025-03-22 23:04:35,277 [ERROR] LogOutputStream:75 - [STDERR_REDIRECT] 
2025-03-22 23:04:36,286 [ERROR] LogOutputStream:75 - [STDERR_REDIRECT] [Fatal Error] :1:1: Premature end of file.
2025-03-22 23:04:36,286 [ERROR] LogOutputStream:75 - [STDERR_REDIRECT] 
2025-03-22 23:04:37,286 [ERROR] LogOutputStream:75 - [STDERR_REDIRECT] [Fatal Error] :1:1: Premature end of file.
2025-03-22 23:04:37,286 [ERROR] LogOutputStream:75 - [STDERR_REDIRECT] 
2025-03-22 23:04:38,287 [ERROR] LogOutputStream:75 - [STDERR_REDIRECT] [Fatal Error] :1:1: Premature end of file.
2025-03-22 23:04:38,287 [ERROR] LogOutputStream:75 - [STDERR_REDIRECT] 
2025-03-22 23:04:39,276 [ERROR] LogOutputStream:75 - [STDERR_REDIRECT] [Fatal Error] :1:1: Premature end of file.
2025-03-22 23:04:39,276 [ERROR] LogOutputStream:75 - [STDERR_REDIRECT] 
2025-03-22 23:04:40,286 [ERROR] LogOutputStream:75 - [STDERR_REDIRECT] [Fatal Error] :1:1: Premature end of file.
2025-03-22 23:04:40,286 [ERROR] LogOutputStream:75 - [STDERR_REDIRECT] 
2025-03-22 23:04:41,278 [ERROR] LogOutputStream:75 - [STDERR_REDIRECT] [Fatal Error] :1:1: Premature end of file.
2025-03-22 23:04:41,278 [ERROR] LogOutputStream:75 - [STDERR_REDIRECT] 
2025-03-22 23:04:42,283 [ERROR] LogOutputStream:75 - [STDERR_REDIRECT] [Fatal Error] :1:1: Premature end of file.
2025-03-22 23:04:42,283 [ERROR] LogOutputStream:75 - [STDERR_REDIRECT] 
2025-03-22 23:04:43,294 [ERROR] LogOutputStream:75 - [STDERR_REDIRECT] [Fatal Error] :1:1: Premature end of file.
2025-03-22 23:04:43,296 [ERROR] LogOutputStream:75 - [STDERR_REDIRECT] 
2025-03-22 23:04:43,531 [ERROR] LogOutputStream:75 - [STDERR_REDIRECT] 
