22:51:19 **** Incremental Build of configuration Debug for project 03_Task_Parameters ****
make -j16 all 
arm-none-eabi-gcc "../Core/Src/main.c" -mcpu=cortex-m4 -std=gnu11 -g3 -DDEBUG -DUSE_HAL_DRIVER -DSTM32F446xx -c -I../Core/Inc -I../Drivers/STM32F4xx_HAL_Driver/Inc -I../Drivers/STM32F4xx_HAL_Driver/Inc/Legacy -I../Drivers/CMSIS/Device/ST/STM32F4xx/Include -I../Drivers/CMSIS/Include -I../Middlewares/Third_Party/FreeRTOS/Source/include -I../Middlewares/Third_Party/FreeRTOS/Source/CMSIS_RTOS_V2 -I../Middlewares/Third_Party/FreeRTOS/Source/portable/GCC/ARM_CM4F -O0 -ffunction-sections -fdata-sections -Wall -fstack-usage -fcyclomatic-complexity -MMD -MP -MF"Core/Src/main.d" -MT"Core/Src/main.o" --specs=nano.specs -mfpu=fpv4-sp-d16 -mfloat-abi=hard -mthumb -o "Core/Src/main.o"
../Core/Src/main.c: In function 'vLedControllerTask':
../Core/Src/main.c:89:43: warning: passing argument 2 of 'HAL_GPIO_TogglePin' makes integer from pointer without a cast [-Wint-conversion]
   89 |                 HAL_GPIO_TogglePin(GPIOD, (uint16_t *)pvParameters);
      |                                           ^~~~~~~~~~~~~~~~~~~~~~~~
      |                                           |
      |                                           uint16_t * {aka short unsigned int *}
In file included from ../Core/Inc/stm32f4xx_hal_conf.h:279,
                 from ../Drivers/STM32F4xx_HAL_Driver/Inc/stm32f4xx_hal.h:29,
                 from ../Core/Inc/main.h:30,
                 from ../Core/Src/main.c:1:
../Drivers/STM32F4xx_HAL_Driver/Inc/stm32f4xx_hal_gpio.h:236:55: note: expected 'uint16_t' {aka 'short unsigned int'} but argument is of type 'uint16_t *' {aka 'short unsigned int *'}
  236 | void HAL_GPIO_TogglePin(GPIO_TypeDef* GPIOx, uint16_t GPIO_Pin);
      |                                              ~~~~~~~~~^~~~~~~~
arm-none-eabi-gcc -o "03_Task_Parameters.elf" @"objects.list"   -mcpu=cortex-m4 -T"E:\STM32\freeRTOS\03_Task_Parameters\STM32F446RETX_FLASH.ld" --specs=nosys.specs -Wl,-Map="03_Task_Parameters.map" -Wl,--gc-sections -static --specs=nano.specs -mfpu=fpv4-sp-d16 -mfloat-abi=hard -mthumb -Wl,--start-group -lc -lm -Wl,--end-group
Finished building target: 03_Task_Parameters.elf
 
arm-none-eabi-size  03_Task_Parameters.elf 
arm-none-eabi-objdump -h -S 03_Task_Parameters.elf  > "03_Task_Parameters.list"
   text	   data	    bss	    dec	    hex	filename
  20644	     32	  20480	  41156	   a0c4	03_Task_Parameters.elf
Finished building: default.size.stdout
 
Finished building: 03_Task_Parameters.list
 
22:51:29 **** Incremental Build of configuration Debug for project 03_Task_Parameters ****
make -j16 all 
arm-none-eabi-size  03_Task_Parameters.elf 
   text	   data	    bss	    dec	    hex	filename
  20644	     32	  20480	  41156	   a0c4	03_Task_Parameters.elf
Finished building: default.size.stdout
 
22:56:04 **** Incremental Build of configuration Debug for project 03_Task_Parameters ****
make -j16 all 
arm-none-eabi-size  03_Task_Parameters.elf 
   text	   data	    bss	    dec	    hex	filename
  20644	     32	  20480	  41156	   a0c4	03_Task_Parameters.elf
Finished building: default.size.stdout
 
