11:11:44 **** Incremental Build of configuration Debug for project 03_Creating_Task_From_Other_Task ****
make -j16 all 
arm-none-eabi-size  03_Creating_Task_From_Other_Task.elf 
   text	   data	    bss	    dec	    hex	filename
  20760	     16	  20488	  41264	   a130	03_Creating_Task_From_Other_Task.elf
Finished building: default.size.stdout
 
11:11:52 **** Incremental Build of configuration Debug for project 03_Creating_Task_From_Other_Task ****
make -j16 all 
arm-none-eabi-size  03_Creating_Task_From_Other_Task.elf 
   text	   data	    bss	    dec	    hex	filename
  20760	     16	  20488	  41264	   a130	03_Creating_Task_From_Other_Task.elf
Finished building: default.size.stdout
 
