../Core/Src/main.c:30:5:main	16	static
../Core/Src/main.c:74:5:__io_putchar	24	static
../Core/Src/main.c:87:6:blueLEDControllerTask	24	static
../Core/Src/main.c:114:6:redLEDControllerTask	24	static
../Core/Src/main.c:142:6:greenLEDControllerTask	24	static
../Core/Src/main.c:179:6:SystemClock_Config	88	static
../Core/Src/main.c:227:13:MX_USART2_UART_Init	8	static
../Core/Src/main.c:260:13:MX_GPIO_Init	48	static
../Core/Src/main.c:306:6:HAL_TIM_PeriodElapsedCallback	16	static
../Core/Src/main.c:323:6:Error_Handler	4	static,ignoring_inline_asm
